Component: ARM Compiler 5.06 update 6 (build 750) Tool: armlink [4d35ed]

==============================================================================

Section Cross References

    main.o(i.BL0910_Elect_Proc) refers to bl0910.o(i.BL0910_SPI_Read) for BL0910_SPI_Read
    main.o(i.BL0910_Elect_Proc) refers to bl0910.o(i.BL0910_Init) for BL0910_Init
    main.o(i.BL0910_Elect_Proc) refers to dfltui.o(.text) for __aeabi_ui2d
    main.o(i.BL0910_Elect_Proc) refers to ffltui.o(.text) for __aeabi_ui2f
    main.o(i.BL0910_Elect_Proc) refers to fdiv.o(.text) for __aeabi_fdiv
    main.o(i.BL0910_Elect_Proc) refers to f2d.o(.text) for __aeabi_f2d
    main.o(i.BL0910_Elect_Proc) refers to d2f.o(.text) for __aeabi_d2f
    main.o(i.BL0910_Elect_Proc) refers to dmul.o(.text) for __aeabi_dmul
    main.o(i.BL0910_Elect_Proc) refers to bl0910.o(.data) for BL0910_Data
    main.o(i.BL0910_Elect_Proc) refers to main.o(.bss) for Irms_buff
    main.o(i.BL0910_Elect_Proc) refers to bl0910.o(.bss) for BL0910_Elect
    main.o(i.BL0910_Elect_Proc) refers to bl0910.o(i.Energy_Cal) for Energy_Cal
    main.o(i.BL0910_Elect_Proc) refers to ec200s.o(i.Clear_Buffer) for Clear_Buffer
    main.o(i.BL0910_Elect_Proc) refers to printfa.o(i.__0printf) for __2printf
    main.o(i.BL0910_Elect_Proc) refers to main.o(i.Pub_Msgdata_current) for Pub_Msgdata_current
    main.o(i.BL0910_Elect_Proc) refers to main.o(i.Pub_Msgdata_Freq) for Pub_Msgdata_Freq
    main.o(i.BL0910_Elect_Proc) refers to main.o(i.Pub_Msgdata_Energy) for Pub_Msgdata_Energy
    main.o(i.BL0910_Elect_Proc) refers to delay.o(i.delay_ms) for delay_ms
    main.o(i.BL0910_Elect_Proc) refers to ec200s.o(i.EC200S_RECData) for EC200S_RECData
    main.o(i.Pub_Msgdata_Energy) refers to ec200s.o(i.Get_GNSSRMA) for Get_GNSSRMA
    main.o(i.Pub_Msgdata_Energy) refers to ec200s.o(i.Mqttaliyun_Send_Energy) for Mqttaliyun_Send_Energy
    main.o(i.Pub_Msgdata_Energy) refers to printfa.o(i.__0sprintf) for __2sprintf
    main.o(i.Pub_Msgdata_Energy) refers to printfa.o(i.__0printf) for __2printf
    main.o(i.Pub_Msgdata_Energy) refers to delay.o(i.delay_ms) for delay_ms
    main.o(i.Pub_Msgdata_Energy) refers to usart.o(i.Uart2_SendDATA) for Uart2_SendDATA
    main.o(i.Pub_Msgdata_Energy) refers to strstr.o(.text) for strstr
    main.o(i.Pub_Msgdata_Energy) refers to ec200s.o(i.EC200S_RECData) for EC200S_RECData
    main.o(i.Pub_Msgdata_Energy) refers to main.o(.bss) for rx_data2
    main.o(i.Pub_Msgdata_Energy) refers to main.o(.data) for humi
    main.o(i.Pub_Msgdata_Energy) refers to usart.o(.bss) for RxBuffer
    main.o(i.Pub_Msgdata_Freq) refers to ec200s.o(i.Get_GNSSRMA) for Get_GNSSRMA
    main.o(i.Pub_Msgdata_Freq) refers to ec200s.o(i.Mqttaliyun_Send_Freq) for Mqttaliyun_Send_Freq
    main.o(i.Pub_Msgdata_Freq) refers to printfa.o(i.__0sprintf) for __2sprintf
    main.o(i.Pub_Msgdata_Freq) refers to printfa.o(i.__0printf) for __2printf
    main.o(i.Pub_Msgdata_Freq) refers to delay.o(i.delay_ms) for delay_ms
    main.o(i.Pub_Msgdata_Freq) refers to usart.o(i.Uart2_SendDATA) for Uart2_SendDATA
    main.o(i.Pub_Msgdata_Freq) refers to strstr.o(.text) for strstr
    main.o(i.Pub_Msgdata_Freq) refers to ec200s.o(i.EC200S_RECData) for EC200S_RECData
    main.o(i.Pub_Msgdata_Freq) refers to main.o(.bss) for rx_data2
    main.o(i.Pub_Msgdata_Freq) refers to main.o(.data) for humi
    main.o(i.Pub_Msgdata_Freq) refers to usart.o(.bss) for RxBuffer
    main.o(i.Pub_Msgdata_current) refers to ec200s.o(i.Get_GNSSRMA) for Get_GNSSRMA
    main.o(i.Pub_Msgdata_current) refers to ec200s.o(i.Mqttaliyun_Send_Irms) for Mqttaliyun_Send_Irms
    main.o(i.Pub_Msgdata_current) refers to printfa.o(i.__0sprintf) for __2sprintf
    main.o(i.Pub_Msgdata_current) refers to printfa.o(i.__0printf) for __2printf
    main.o(i.Pub_Msgdata_current) refers to delay.o(i.delay_ms) for delay_ms
    main.o(i.Pub_Msgdata_current) refers to usart.o(i.Uart2_SendDATA) for Uart2_SendDATA
    main.o(i.Pub_Msgdata_current) refers to strstr.o(.text) for strstr
    main.o(i.Pub_Msgdata_current) refers to ec200s.o(i.EC200S_RECData) for EC200S_RECData
    main.o(i.Pub_Msgdata_current) refers to main.o(.bss) for rx_data2
    main.o(i.Pub_Msgdata_current) refers to main.o(.data) for humi
    main.o(i.Pub_Msgdata_current) refers to usart.o(.bss) for RxBuffer
    main.o(i.main) refers to stm32f1xx_hal.o(i.HAL_Init) for HAL_Init
    main.o(i.main) refers to sys.o(i.Stm32_Clock_Init) for Stm32_Clock_Init
    main.o(i.main) refers to delay.o(i.delay_init) for delay_init
    main.o(i.main) refers to led.o(i.LED_Init) for LED_Init
    main.o(i.main) refers to led.o(i.EC200SPWR_Init) for EC200SPWR_Init
    main.o(i.main) refers to usart.o(i.uart_init) for uart_init
    main.o(i.main) refers to usart.o(i.uart2_init) for uart2_init
    main.o(i.main) refers to wdg.o(i.IWDG_Init) for IWDG_Init
    main.o(i.main) refers to ec200s.o(i.EC200S_Init) for EC200S_Init
[...]
    .ARM.Collect$$$$00002712                 0x08000140   Section        4  entry2.o(.ARM.Collect$$$$00002712)
    __lit__00000000                          0x08000140   Data           4  entry2.o(.ARM.Collect$$$$00002712)
    .text                                    0x08000144   Section       36  startup_stm32f103xe.o(.text)
    .text                                    0x08000168   Section        0  tolower.o(.text)
    .text                                    0x08000174   Section        0  memcpya.o(.text)
    .text                                    0x08000198   Section        0  memseta.o(.text)
    .text                                    0x080001bc   Section        0  strstr.o(.text)
    .text                                    0x080001e0   Section        0  strlen.o(.text)
    .text                                    0x080001ee   Section        0  strncmp.o(.text)
    .text                                    0x0800020c   Section        0  fadd.o(.text)
    .text                                    0x080002bc   Section        0  fmul.o(.text)
    .text                                    0x08000320   Section        0  fdiv.o(.text)
    .text                                    0x0800039c   Section        0  dadd.o(.text)
    .text                                    0x080004ea   Section        0  dmul.o(.text)
    .text                                    0x080005ce   Section        0  ddiv.o(.text)
    .text                                    0x080006ac   Section        0  fflti.o(.text)
    .text                                    0x080006be   Section        0  ffltui.o(.text)
    .text                                    0x080006c8   Section        0  dflti.o(.text)
    .text                                    0x080006ea   Section        0  dfltui.o(.text)
    .text                                    0x08000704   Section        0  ffixui.o(.text)
    .text                                    0x0800072c   Section        0  dfixi.o(.text)
    .text                                    0x0800076a   Section        0  f2d.o(.text)
    .text                                    0x08000790   Section       48  cdrcmple.o(.text)
    .text                                    0x080007c0   Section        0  d2f.o(.text)
    .text                                    0x080007f8   Section        0  uidiv.o(.text)
    .text                                    0x08000824   Section        0  uldiv.o(.text)
    .text                                    0x08000886   Section        0  llshl.o(.text)
    .text                                    0x080008a4   Section        0  llushr.o(.text)
    .text                                    0x080008c4   Section        0  llsshr.o(.text)
    .text                                    0x080008e8   Section        0  fepilogue.o(.text)
    .text                                    0x080008e8   Section        0  iusefp.o(.text)
    .text                                    0x08000956   Section        0  depilogue.o(.text)
    .text                                    0x08000a10   Section        0  dscalb.o(.text)
    .text                                    0x08000a3e   Section        0  dfixul.o(.text)
    .text                                    0x08000a70   Section       36  init.o(.text)
    .text                                    0x08000a94   Section        0  dsqrt.o(.text)
    i.BL0910_Elect_Proc                      0x08000b38   Section        0  main.o(i.BL0910_Elect_Proc)
    i.BL0910_Init                            0x080013e0   Section        0  bl0910.o(i.BL0910_Init)
    i.BL0910_LoadPara                        0x080014bc   Section        0  bl0910.o(i.BL0910_LoadPara)
    i.BL0910_SPI_Read                        0x080014f8   Section        0  bl0910.o(i.BL0910_SPI_Read)
    i.BL0910_SPI_Write                       0x08001590   Section        0  bl0910.o(i.BL0910_SPI_Write)
    i.BusFault_Handler                       0x08001600   Section        0  stm32f1xx_it.o(i.BusFault_Handler)
    i.CParsejson                             0x08001604   Section        0  ec200s.o(i.CParsejson)
    i.ChkSum_Cal                             0x080016d4   Section        0  bl0910.o(i.ChkSum_Cal)
    i.Clear_Buffer                           0x080016f8   Section        0  ec200s.o(i.Clear_Buffer)
    i.DebugMon_Handler                       0x08001720   Section        0  stm32f1xx_it.o(i.DebugMon_Handler)
    i.EC200SPWR_Init                         0x08001724   Section        0  led.o(i.EC200SPWR_Init)
    i.EC200S_Init                            0x08001768   Section        0  ec200s.o(i.EC200S_Init)
    i.EC200S_RECData                         0x08001a3c   Section        0  ec200s.o(i.EC200S_RECData)
    i.Energy_Cal                             0x08001aa8   Section        0  bl0910.o(i.Energy_Cal)
    i.Get_GNSSRMA                            0x08001ad8   Section        0  ec200s.o(i.Get_GNSSRMA)
    i.Get_GSM_loc                            0x08001b30   Section        0  ec200s.o(i.Get_GSM_loc)
    i.Getdata_Change                         0x08001b50   Section        0  ec200s.o(i.Getdata_Change)
    i.HAL_DMA_Abort_IT                       0x08002274   Section        0  stm32f1xx_hal_dma.o(i.HAL_DMA_Abort_IT)
    i.HAL_Delay                              0x0800241c   Section        0  stm32f1xx_hal.o(i.HAL_Delay)
    i.HAL_GPIO_Init                          0x08002444   Section        0  stm32f1xx_hal_gpio.o(i.HAL_GPIO_Init)
    i.HAL_GPIO_WritePin                      0x08002784   Section        0  stm32f1xx_hal_gpio.o(i.HAL_GPIO_WritePin)
    i.HAL_GetTick                            0x08002790   Section        0  stm32f1xx_hal.o(i.HAL_GetTick)
    i.HAL_IWDG_Init                          0x0800279c   Section        0  stm32f1xx_hal_iwdg.o(i.HAL_IWDG_Init)
    i.HAL_IWDG_Refresh                       0x080027ec   Section        0  stm32f1xx_hal_iwdg.o(i.HAL_IWDG_Refresh)
    i.HAL_IncTick                            0x080027fc   Section        0  stm32f1xx_hal.o(i.HAL_IncTick)
    i.HAL_Init                               0x08002814   Section        0  stm32f1xx_hal.o(i.HAL_Init)
    i.HAL_InitTick                           0x0800283c   Section        0  stm32f1xx_hal.o(i.HAL_InitTick)
    i.HAL_MspInit                            0x08002888   Section        0  stm32f1xx_hal_msp.o(i.HAL_MspInit)
    i.HAL_NVIC_EnableIRQ                     0x0800288a   Section        0  stm32f1xx_hal_cortex.o(i.HAL_NVIC_EnableIRQ)
    i.HAL_NVIC_SetPriority                   0x080028aa   Section        0  stm32f1xx_hal_cortex.o(i.HAL_NVIC_SetPriority)
    i.HAL_NVIC_SetPriorityGrouping           0x08002928   Section        0  stm32f1xx_hal_cortex.o(i.HAL_NVIC_SetPriorityGrouping)
    i.HAL_RCC_ClockConfig                    0x08002950   Section        0  stm32f1xx_hal_rcc.o(i.HAL_RCC_ClockConfig)
    i.HAL_RCC_GetHCLKFreq                    0x08002adc   Section        0  stm32f1xx_hal_rcc.o(i.HAL_RCC_GetHCLKFreq)
    i.HAL_RCC_GetPCLK1Freq                   0x08002ae8   Section        0  stm32f1xx_hal_rcc.o(i.HAL_RCC_GetPCLK1Freq)
    i.HAL_RCC_GetPCLK2Freq                   0x08002b08   Section        0  stm32f1xx_hal_rcc.o(i.HAL_RCC_GetPCLK2Freq)
    i.HAL_RCC_GetSysClockFreq                0x08002b28   Section        0  stm32f1xx_hal_rcc.o(i.HAL_RCC_GetSysClockFreq)
    i.HAL_RCC_OscConfig                      0x08002bbc   Section        0  stm32f1xx_hal_rcc.o(i.HAL_RCC_OscConfig)
    i.HAL_SPI_Init                           0x08003020   Section        0  stm32f1xx_hal_spi.o(i.HAL_SPI_Init)
    i.HAL_SPI_MspInit                        0x080030bc   Section        0  bl0910.o(i.HAL_SPI_MspInit)
    i.HAL_SPI_Receive                        0x0800312c   Section        0  stm32f1xx_hal_spi.o(i.HAL_SPI_Receive)
    i.HAL_SPI_Transmit                       0x08003376   Section        0  stm32f1xx_hal_spi.o(i.HAL_SPI_Transmit)
    i.HAL_SPI_TransmitReceive                0x08003550   Section        0  stm32f1xx_hal_spi.o(i.HAL_SPI_TransmitReceive)
    i.HAL_SYSTICK_CLKSourceConfig            0x0800383e   Section        0  stm32f1xx_hal_cortex.o(i.HAL_SYSTICK_CLKSourceConfig)
    i.HAL_SYSTICK_Config                     0x08003866   Section        0  stm32f1xx_hal_cortex.o(i.HAL_SYSTICK_Config)
    i.HAL_TIMEx_BreakCallback                0x0800389a   Section        0  stm32f1xx_hal_tim_ex.o(i.HAL_TIMEx_BreakCallback)
    i.HAL_TIMEx_CommutCallback               0x0800389c   Section        0  stm32f1xx_hal_tim_ex.o(i.HAL_TIMEx_CommutCallback)
    i.HAL_TIM_Base_Init                      0x0800389e   Section        0  stm32f1xx_hal_tim.o(i.HAL_TIM_Base_Init)
    i.HAL_TIM_Base_MspInit                   0x080038d4   Section        0  timer.o(i.HAL_TIM_Base_MspInit)
    i.HAL_TIM_Base_Start_IT                  0x08003918   Section        0  stm32f1xx_hal_tim.o(i.HAL_TIM_Base_Start_IT)
    i.HAL_TIM_IC_CaptureCallback             0x08003942   Section        0  stm32f1xx_hal_tim.o(i.HAL_TIM_IC_CaptureCallback)
    i.HAL_TIM_IRQHandler                     0x08003944   Section        0  stm32f1xx_hal_tim.o(i.HAL_TIM_IRQHandler)
    i.HAL_TIM_OC_DelayElapsedCallback        0x08003ada   Section        0  stm32f1xx_hal_tim.o(i.HAL_TIM_OC_DelayElapsedCallback)
    i.HAL_TIM_PWM_PulseFinishedCallback      0x08003adc   Section        0  stm32f1xx_hal_tim.o(i.HAL_TIM_PWM_PulseFinishedCallback)
    i.HAL_TIM_PeriodElapsedCallback          0x08003ae0   Section        0  timer.o(i.HAL_TIM_PeriodElapsedCallback)
    i.HAL_TIM_TriggerCallback                0x08003b10   Section        0  stm32f1xx_hal_tim.o(i.HAL_TIM_TriggerCallback)
    i.HAL_UART_ErrorCallback                 0x08003b12   Section        0  stm32f1xx_hal_uart.o(i.HAL_UART_ErrorCallback)
    i.HAL_UART_IRQHandler                    0x08003b14   Section        0  stm32f1xx_hal_uart.o(i.HAL_UART_IRQHandler)
    i.HAL_UART_Init                          0x08003c60   Section        0  stm32f1xx_hal_uart.o(i.HAL_UART_Init)
    i.HAL_UART_MspInit                       0x08003cd4   Section        0  usart.o(i.HAL_UART_MspInit)
    i.HAL_UART_Receive_IT                    0x08003e10   Section        0  stm32f1xx_hal_uart.o(i.HAL_UART_Receive_IT)
    i.HAL_UART_RxCpltCallback                0x08003e80   Section        0  stm32f1xx_hal_uart.o(i.HAL_UART_RxCpltCallback)
    i.HAL_UART_TxCpltCallback                0x08003e82   Section        0  stm32f1xx_hal_uart.o(i.HAL_UART_TxCpltCallback)
    i.HardFault_Handler                      0x08003e84   Section        0  stm32f1xx_it.o(i.HardFault_Handler)
    i.IWDG_Feed                              0x08003e88   Section        0  wdg.o(i.IWDG_Feed)
    i.IWDG_Init                              0x08003e98   Section        0  wdg.o(i.IWDG_Init)
    i.LED_Init                               0x08003eb8   Section        0  led.o(i.LED_Init)
    i.MQTT_Init                              0x08003f78   Section        0  ec200s.o(i.MQTT_Init)
    i.MemManage_Handler                      0x080040d0   Section        0  stm32f1xx_it.o(i.MemManage_Handler)
    i.Mqttaliyun_Send_Energy                 0x080040d4   Section        0  ec200s.o(i.Mqttaliyun_Send_Energy)
    i.Mqttaliyun_Send_Freq                   0x08004168   Section        0  ec200s.o(i.Mqttaliyun_Send_Freq)
    i.Mqttaliyun_Send_Irms                   0x08004204   Section        0  ec200s.o(i.Mqttaliyun_Send_Irms)
    i.NMI_Handler                            0x0800430c   Section        0  stm32f1xx_it.o(i.NMI_Handler)
    i.PendSV_Handler                         0x0800430e   Section        0  stm32f1xx_it.o(i.PendSV_Handler)
    i.Pub_Msgdata_Energy                     0x08004310   Section        0  main.o(i.Pub_Msgdata_Energy)
    i.Pub_Msgdata_Freq                       0x080043f8   Section        0  main.o(i.Pub_Msgdata_Freq)
    i.Pub_Msgdata_current                    0x080044e0   Section        0  main.o(i.Pub_Msgdata_current)
    i.RCC_Delay                              0x080045c8   Section        0  stm32f1xx_hal_rcc.o(i.RCC_Delay)
    RCC_Delay                                0x080045c9   Thumb Code    36  stm32f1xx_hal_rcc.o(i.RCC_Delay)
    i.SPI1_Init                              0x080045f0   Section        0  bl0910.o(i.SPI1_Init)
    i.SPI1_ReadWriteByte                     0x08004644   Section        0  bl0910.o(i.SPI1_ReadWriteByte)
    i.SPI_EndRxTransaction                   0x08004664   Section        0  stm32f1xx_hal_spi.o(i.SPI_EndRxTransaction)
    SPI_EndRxTransaction                     0x08004665   Thumb Code   120  stm32f1xx_hal_spi.o(i.SPI_EndRxTransaction)
    i.SPI_EndRxTxTransaction                 0x080046dc   Section        0  stm32f1xx_hal_spi.o(i.SPI_EndRxTxTransaction)
    SPI_EndRxTxTransaction                   0x080046dd   Thumb Code    40  stm32f1xx_hal_spi.o(i.SPI_EndRxTxTransaction)
    i.SPI_ISCRCErrorValid                    0x08004704   Section        0  stm32f1xx_hal_spi.o(i.SPI_ISCRCErrorValid)
    i.SPI_WaitFlagStateUntilTimeout          0x0800470a   Section        0  stm32f1xx_hal_spi.o(i.SPI_WaitFlagStateUntilTimeout)
    SPI_WaitFlagStateUntilTimeout            0x0800470b   Thumb Code   168  stm32f1xx_hal_spi.o(i.SPI_WaitFlagStateUntilTimeout)
    i.SVC_Handler                            0x080047b2   Section        0  stm32f1xx_it.o(i.SVC_Handler)
    i.Stm32_Clock_Init                       0x080047b4   Section        0  sys.o(i.Stm32_Clock_Init)
    i.SysTick_Handler                        0x0800480a   Section        0  stm32f1xx_it.o(i.SysTick_Handler)
    i.SystemInit                             0x08004814   Section        0  system_stm32f1xx.o(i.SystemInit)
    i.TIM3_IRQHandler                        0x0800486c   Section        0  timer.o(i.TIM3_IRQHandler)
    i.TIM3_Init                              0x0800487c   Section        0  timer.o(i.TIM3_Init)
    i.TIM_Base_SetConfig                     0x080048a8   Section        0  stm32f1xx_hal_tim.o(i.TIM_Base_SetConfig)
    i.UART_DMAAbortOnError                   0x08004944   Section        0  stm32f1xx_hal_uart.o(i.UART_DMAAbortOnError)
    UART_DMAAbortOnError                     0x08004945   Thumb Code    20  stm32f1xx_hal_uart.o(i.UART_DMAAbortOnError)
    i.UART_EndRxTransfer                     0x08004958   Section        0  stm32f1xx_hal_uart.o(i.UART_EndRxTransfer)
    UART_EndRxTransfer                       0x08004959   Thumb Code    32  stm32f1xx_hal_uart.o(i.UART_EndRxTransfer)
    i.UART_EndTransmit_IT                    0x08004978   Section        0  stm32f1xx_hal_uart.o(i.UART_EndTransmit_IT)
    UART_EndTransmit_IT                      0x08004979   Thumb Code    32  stm32f1xx_hal_uart.o(i.UART_EndTransmit_IT)
    i.UART_Receive_IT                        0x08004998   Section        0  stm32f1xx_hal_uart.o(i.UART_Receive_IT)
    UART_Receive_IT                          0x08004999   Thumb Code   166  stm32f1xx_hal_uart.o(i.UART_Receive_IT)
    i.UART_SetConfig                         0x08004a40   Section        0  stm32f1xx_hal_uart.o(i.UART_SetConfig)
    UART_SetConfig                           0x08004a41   Thumb Code   412  stm32f1xx_hal_uart.o(i.UART_SetConfig)
    i.UART_Transmit_IT                       0x08004be0   Section        0  stm32f1xx_hal_uart.o(i.UART_Transmit_IT)
    UART_Transmit_IT                         0x08004be1   Thumb Code   104  stm32f1xx_hal_uart.o(i.UART_Transmit_IT)
    i.USART1_IRQHandler                      0x08004c48   Section        0  usart.o(i.USART1_IRQHandler)
    i.USART2_IRQHandler                      0x08004cfc   Section        0  usart.o(i.USART2_IRQHandler)
    i.Uart2_SendDATA                         0x08004e28   Section        0  usart.o(i.Uart2_SendDATA)
    i.UsageFault_Handler                     0x08004e54   Section        0  stm32f1xx_it.o(i.UsageFault_Handler)
    i.__0printf                              0x08004e58   Section        0  printfa.o(i.__0printf)
    i.__0sprintf                             0x08004e78   Section        0  printfa.o(i.__0sprintf)
    i.__ARM_fpclassify                       0x08004ea0   Section        0  fpclassify.o(i.__ARM_fpclassify)
    i.__NVIC_GetPriorityGrouping             0x08004ec8   Section        0  stm32f1xx_hal_cortex.o(i.__NVIC_GetPriorityGrouping)
    __NVIC_GetPriorityGrouping               0x08004ec9   Thumb Code    10  stm32f1xx_hal_cortex.o(i.__NVIC_GetPriorityGrouping)
    i.__NVIC_SetPriority                     0x08004ed8   Section        0  stm32f1xx_hal_cortex.o(i.__NVIC_SetPriority)
    __NVIC_SetPriority                       0x08004ed9   Thumb Code    32  stm32f1xx_hal_cortex.o(i.__NVIC_SetPriority)
    i.__kernel_poly                          0x08004f00   Section        0  poly.o(i.__kernel_poly)
    i.__mathlib_dbl_divzero                  0x08004fac   Section        0  dunder.o(i.__mathlib_dbl_divzero)
    i.__mathlib_dbl_infnan2                  0x08004fbc   Section        0  dunder.o(i.__mathlib_dbl_infnan2)
    i.__mathlib_dbl_invalid                  0x08004fc0   Section        0  dunder.o(i.__mathlib_dbl_invalid)
    i.__mathlib_dbl_overflow                 0x08004fcc   Section        0  dunder.o(i.__mathlib_dbl_overflow)
    i.__mathlib_dbl_underflow                0x08004fdc   Section        0  dunder.o(i.__mathlib_dbl_underflow)
    i.__scatterload_copy                     0x08004fec   Section       14  handlers.o(i.__scatterload_copy)
    i.__scatterload_null                     0x08004ffa   Section        2  handlers.o(i.__scatterload_null)
    i.__scatterload_zeroinit                 0x08004ffc   Section       14  handlers.o(i.__scatterload_zeroinit)
    i.__set_errno                            0x0800500c   Section        0  errno.o(i.__set_errno)
    i._fp_digits                             0x08005018   Section        0  printfa.o(i._fp_digits)
    _fp_digits                               0x08005019   Thumb Code   366  printfa.o(i._fp_digits)
    i._printf_core                           0x0800519c   Section        0  printfa.o(i._printf_core)
    _printf_core                             0x0800519d   Thumb Code  1744  printfa.o(i._printf_core)
    i._printf_post_padding                   0x08005878   Section        0  printfa.o(i._printf_post_padding)
    _printf_post_padding                     0x08005879   Thumb Code    36  printfa.o(i._printf_post_padding)
    i._printf_pre_padding                    0x0800589c   Section        0  printfa.o(i._printf_pre_padding)
    _printf_pre_padding                      0x0800589d   Thumb Code    46  printfa.o(i._printf_pre_padding)
    i._sputc                                 0x080058ca   Section        0  printfa.o(i._sputc)
    _sputc                                   0x080058cb   Thumb Code    10  printfa.o(i._sputc)
    i.cJSON_Delete                           0x080058d4   Section        0  cjson.o(i.cJSON_Delete)
    i.cJSON_GetObjectItem                    0x0800592c   Section        0  cjson.o(i.cJSON_GetObjectItem)
    i.cJSON_New_Item                         0x0800594c   Section        0  cjson.o(i.cJSON_New_Item)
    cJSON_New_Item                           0x0800594d   Thumb Code    26  cjson.o(i.cJSON_New_Item)
    i.cJSON_Parse                            0x0800596c   Section        0  cjson.o(i.cJSON_Parse)
    i.cJSON_ParseWithOpts                    0x0800597c   Section        0  cjson.o(i.cJSON_ParseWithOpts)
    i.cJSON_strcasecmp                       0x080059e0   Section        0  cjson.o(i.cJSON_strcasecmp)
    cJSON_strcasecmp                         0x080059e1   Thumb Code    76  cjson.o(i.cJSON_strcasecmp)
    i.delay_init                             0x08005a2c   Section        0  delay.o(i.delay_init)
    i.delay_ms                               0x08005a40   Section        0  delay.o(i.delay_ms)
    i.delay_us                               0x08005a58   Section        0  delay.o(i.delay_us)
    i.fputc                                  0x08005aa0   Section        0  usart.o(i.fputc)
    i.free                                   0x08005abc   Section        0  malloc.o(i.free)
    i.main                                   0x08005b0c   Section        0  main.o(i.main)
    i.malloc                                 0x08005bc4   Section        0  malloc.o(i.malloc)
    i.parse_array                            0x08005c30   Section        0  cjson.o(i.parse_array)
    parse_array                              0x08005c31   Thumb Code   166  cjson.o(i.parse_array)
    i.parse_hex4                             0x08005cdc   Section        0  cjson.o(i.parse_hex4)
    parse_hex4                               0x08005cdd   Thumb Code   276  cjson.o(i.parse_hex4)
    i.parse_number                           0x08005df0   Section        0  cjson.o(i.parse_number)
    parse_number                             0x08005df1   Thumb Code   432  cjson.o(i.parse_number)
    i.parse_object                           0x08005fac   Section        0  cjson.o(i.parse_object)
    parse_object                             0x08005fad   Thumb Code   270  cjson.o(i.parse_object)
    i.parse_string                           0x080060c0   Section        0  cjson.o(i.parse_string)
    parse_string                             0x080060c1   Thumb Code   448  cjson.o(i.parse_string)
    i.parse_value                            0x0800628c   Section        0  cjson.o(i.parse_value)
    parse_value                              0x0800628d   Thumb Code   158  cjson.o(i.parse_value)
    i.pow                                    0x08006348   Section        0  pow.o(i.pow)
    i.skip                                   0x08006d20   Section        0  cjson.o(i.skip)
    skip                                     0x08006d21   Thumb Code    18  cjson.o(i.skip)
    i.sqrt                                   0x08006d32   Section        0  sqrt.o(i.sqrt)
    i.uart2_init                             0x08006d80   Section        0  usart.o(i.uart2_init)
    i.uart_init                              0x08006db8   Section        0  usart.o(i.uart_init)
    .constdata                               0x08006df0   Section       24  system_stm32f1xx.o(.constdata)
    .constdata                               0x08006e08   Section        7  cjson.o(.constdata)
    firstByteMark                            0x08006e08   Data           7  cjson.o(.constdata)
    .constdata                               0x08006e10   Section      136  pow.o(.constdata)
    bp                                       0x08006e10   Data          16  pow.o(.constdata)
    dp_h                                     0x08006e20   Data          16  pow.o(.constdata)
    dp_l                                     0x08006e30   Data          16  pow.o(.constdata)
    L                                        0x08006e40   Data          48  pow.o(.constdata)
    P                                        0x08006e70   Data          40  pow.o(.constdata)
    .constdata                               0x08006e98   Section        8  qnan.o(.constdata)
    .conststring                             0x08006ea0   Section      406  ec200s.o(.conststring)
    .data                                    0x20000000   Section       20  main.o(.data)
    .data                                    0x20000014   Section        4  system_stm32f1xx.o(.data)
    .data                                    0x20000018   Section       12  cjson.o(.data)
    ep                                       0x20000018   Data           4  cjson.o(.data)
    cJSON_malloc                             0x2000001c   Data           4  cjson.o(.data)
    cJSON_free                               0x20000020   Data           4  cjson.o(.data)
    .data                                    0x20000024   Section        9  stm32f1xx_hal.o(.data)
    .data                                    0x20000030   Section        4  delay.o(.data)
    fac_us                                   0x20000030   Data           4  delay.o(.data)
    .data                                    0x20000034   Section       11  usart.o(.data)
    .data                                    0x20000040   Section        8  ec200s.o(.data)
    .data                                    0x20000048   Section       19  bl0910.o(.data)
    .data                                    0x2000005c   Section        4  timer.o(.data)
    .data                                    0x20000060   Section        4  mvars.o(.data)
    .data                                    0x20000064   Section        4  mvars.o(.data)
    .data                                    0x20000068   Section        4  errno.o(.data)
    _errno                                   0x20000068   Data           4  errno.o(.data)
    .bss                                     0x20000070   Section      272  main.o(.bss)
    .bss                                     0x20000180   Section      778  usart.o(.bss)
    .bss                                     0x2000048c   Section      360  ec200s.o(.bss)
    .bss                                     0x200005f4   Section       12  wdg.o(.bss)
    .bss                                     0x20000600   Section      180  bl0910.o(.bss)
    .bss                                     0x200006b4   Section       64  timer.o(.bss)
    HEAP                                     0x200006f8   Section      512  startup_stm32f103xe.o(HEAP)
    STACK                                    0x200008f8   Section     1024  startup_stm32f103xe.o(STACK)

    Global Symbols

    Symbol Name                              Value     Ov Type        Size  Object(Section)

    BuildAttributes$$THM_ISAv4$P$D$K$B$S$PE$A:L22UL41UL21$X:L11$S22US41US21$IEEE1$IW$USESV6$~STKCKD$USESV7$~SHL$OTIME$ROPI$IEEEX$EBA8$MICROLIB$REQ8$PRES8$EABIv2 0x00000000   Number         0  anon$$obj.o ABSOLUTE
    __ARM_use_no_argv                        0x00000000   Number         0  main.o ABSOLUTE
    __use_no_errno                           0x00000000   Number         0  useno.o ABSOLUTE
    __use_no_exception_handling              0x00000000   Number         0  useno.o ABSOLUTE
    __use_no_fp                              0x00000000   Number         0  useno.o ABSOLUTE
    __use_no_heap                            0x00000000   Number         0  useno.o ABSOLUTE
    __use_no_heap_region                     0x00000000   Number         0  useno.o ABSOLUTE
    __use_no_semihosting                     0x00000000   Number         0  useno.o ABSOLUTE
    __use_no_semihosting_swi                 0x00000000   Number         0  useno.o ABSOLUTE
    __use_no_signal_handling                 0x00000000   Number         0  useno.o ABSOLUTE
    _printf_a                                0x00000000   Number         0  stubs.o ABSOLUTE
    _printf_c                                0x00000000   Number         0  stubs.o ABSOLUTE
    _printf_charcount                        0x00000000   Number         0  stubs.o ABSOLUTE
    _printf_d                                0x00000000   Number         0  stubs.o ABSOLUTE
    _printf_e                                0x00000000   Number         0  stubs.o ABSOLUTE
    _printf_f                                0x00000000   Number         0  stubs.o ABSOLUTE
    _printf_flags                            0x00000000   Number         0  stubs.o ABSOLUTE
    _printf_fp_dec                           0x00000000   Number         0  stubs.o ABSOLUTE
    _printf_fp_hex                           0x00000000   Number         0  stubs.o ABSOLUTE
    _printf_g                                0x00000000   Number         0  stubs.o ABSOLUTE
    _printf_i                                0x00000000   Number         0  stubs.o ABSOLUTE
    _printf_int_dec                          0x00000000   Number         0  stubs.o ABSOLUTE
    _printf_l                                0x00000000   Number         0  stubs.o ABSOLUTE
    _printf_lc                               0x00000000   Number         0  stubs.o ABSOLUTE
    _printf_ll                               0x00000000   Number         0  stubs.o ABSOLUTE
    _printf_lld                              0x00000000   Number         0  stubs.o ABSOLUTE
    _printf_lli                              0x00000000   Number         0  stubs.o ABSOLUTE
    _printf_llo                              0x00000000   Number         0  stubs.o ABSOLUTE
    _printf_llu                              0x00000000   Number         0  stubs.o ABSOLUTE
    _printf_llx                              0x00000000   Number         0  stubs.o ABSOLUTE
    _printf_longlong_dec                     0x00000000   Number         0  stubs.o ABSOLUTE
    _printf_longlong_hex                     0x00000000   Number         0  stubs.o ABSOLUTE
    _printf_longlong_oct                     0x00000000   Number         0  stubs.o ABSOLUTE
    _printf_ls                               0x00000000   Number         0  stubs.o ABSOLUTE
    _printf_mbtowc                           0x00000000   Number         0  stubs.o ABSOLUTE
    _printf_n                                0x00000000   Number         0  stubs.o ABSOLUTE
    _printf_o                                0x00000000   Number         0  stubs.o ABSOLUTE
    _printf_p                                0x00000000   Number         0  stubs.o ABSOLUTE
    _printf_percent                          0x00000000   Number         0  stubs.o ABSOLUTE
    _printf_pre_padding                      0x00000000   Number         0  stubs.o ABSOLUTE
    _printf_return_value                     0x00000000   Number         0  stubs.o ABSOLUTE
    _printf_s                                0x00000000   Number         0  stubs.o ABSOLUTE
    _printf_sizespec                         0x00000000   Number         0  stubs.o ABSOLUTE
    _printf_str                              0x00000000   Number         0  stubs.o ABSOLUTE
    _printf_truncate_signed                  0x00000000   Number         0  stubs.o ABSOLUTE
    _printf_truncate_unsigned                0x00000000   Number         0  stubs.o ABSOLUTE
    _printf_u                                0x00000000   Number         0  stubs.o ABSOLUTE
    _printf_wc                               0x00000000   Number         0  stubs.o ABSOLUTE
    _printf_wctomb                           0x00000000   Number         0  stubs.o ABSOLUTE
    _printf_widthprec                        0x00000000   Number         0  stubs.o ABSOLUTE
    _printf_x                                0x00000000   Number         0  stubs.o ABSOLUTE
    __cpp_initialize__aeabi_                  - Undefined Weak Reference
    __cxa_finalize                            - Undefined Weak Reference
    __decompress                              - Undefined Weak Reference
    _clock_init                               - Undefined Weak Reference
    _microlib_exit                            - Undefined Weak Reference
    __Vectors_Size                           0x00000130   Number         0  startup_stm32f103xe.o ABSOLUTE
    __Vectors                                0x08000000   Data           4  startup_stm32f103xe.o(RESET)
    __Vectors_End                            0x08000130   Data           0  startup_stm32f103xe.o(RESET)
    __main                                   0x08000131   Thumb Code     0  entry.o(.ARM.Collect$$$$00000000)
    _main_stk                                0x08000131   Thumb Code     0  entry2.o(.ARM.Collect$$$$00000001)
    _main_scatterload                        0x08000135   Thumb Code     0  entry5.o(.ARM.Collect$$$$00000004)
    __main_after_scatterload                 0x08000139   Thumb Code     0  entry5.o(.ARM.Collect$$$$00000004)
    _main_clock                              0x08000139   Thumb Code     0  entry7b.o(.ARM.Collect$$$$00000008)
    _main_cpp_init                           0x08000139   Thumb Code     0  entry8b.o(.ARM.Collect$$$$0000000A)
    _main_init                               0x08000139   Thumb Code     0  entry9a.o(.ARM.Collect$$$$0000000B)
    __rt_final_cpp                           0x08000141   Thumb Code     0  entry10a.o(.ARM.Collect$$$$0000000D)
    __rt_final_exit                          0x08000141   Thumb Code     0  entry11a.o(.ARM.Collect$$$$0000000F)
    Reset_Handler                            0x08000145   Thumb Code     8  startup_stm32f103xe.o(.text)
    ADC1_2_IRQHandler                        0x0800015f   Thumb Code     0  startup_stm32f103xe.o(.text)
    ADC3_IRQHandler                          0x0800015f   Thumb Code     0  startup_stm32f103xe.o(.text)
    CAN1_RX1_IRQHandler                      0x0800015f   Thumb Code     0  startup_stm32f103xe.o(.text)
    CAN1_SCE_IRQHandler                      0x0800015f   Thumb Code     0  startup_stm32f103xe.o(.text)
    DMA1_Channel1_IRQHandler                 0x0800015f   Thumb Code     0  startup_stm32f103xe.o(.text)
    DMA1_Channel2_IRQHandler                 0x0800015f   Thumb Code     0  startup_stm32f103xe.o(.text)
    DMA1_Channel3_IRQHandler                 0x0800015f   Thumb Code     0  startup_stm32f103xe.o(.text)
    DMA1_Channel4_IRQHandler                 0x0800015f   Thumb Code     0  startup_stm32f103xe.o(.text)
    DMA1_Channel5_IRQHandler                 0x0800015f   Thumb Code     0  startup_stm32f103xe.o(.text)
    DMA1_Channel6_IRQHandler                 0x0800015f   Thumb Code     0  startup_stm32f103xe.o(.text)
    DMA1_Channel7_IRQHandler                 0x0800015f   Thumb Code     0  startup_stm32f103xe.o(.text)
    DMA2_Channel1_IRQHandler                 0x0800015f   Thumb Code     0  startup_stm32f103xe.o(.text)
    DMA2_Channel2_IRQHandler                 0x0800015f   Thumb Code     0  startup_stm32f103xe.o(.text)
    DMA2_Channel3_IRQHandler                 0x0800015f   Thumb Code     0  startup_stm32f103xe.o(.text)
    DMA2_Channel4_5_IRQHandler               0x0800015f   Thumb Code     0  startup_stm32f103xe.o(.text)
    EXTI0_IRQHandler                         0x0800015f   Thumb Code     0  startup_stm32f103xe.o(.text)
    EXTI15_10_IRQHandler                     0x0800015f   Thumb Code     0  startup_stm32f103xe.o(.text)
    EXTI1_IRQHandler                         0x0800015f   Thumb Code     0  startup_stm32f103xe.o(.text)
    EXTI2_IRQHandler                         0x0800015f   Thumb Code     0  startup_stm32f103xe.o(.text)
    EXTI3_IRQHandler                         0x0800015f   Thumb Code     0  startup_stm32f103xe.o(.text)
    EXTI4_IRQHandler                         0x0800015f   Thumb Code     0  startup_stm32f103xe.o(.text)
    EXTI9_5_IRQHandler                       0x0800015f   Thumb Code     0  startup_stm32f103xe.o(.text)
    FLASH_IRQHandler                         0x0800015f   Thumb Code     0  startup_stm32f103xe.o(.text)
    FSMC_IRQHandler                          0x0800015f   Thumb Code     0  startup_stm32f103xe.o(.text)
    I2C1_ER_IRQHandler                       0x0800015f   Thumb Code     0  startup_stm32f103xe.o(.text)
    I2C1_EV_IRQHandler                       0x0800015f   Thumb Code     0  startup_stm32f103xe.o(.text)
    I2C2_ER_IRQHandler                       0x0800015f   Thumb Code     0  startup_stm32f103xe.o(.text)
    I2C2_EV_IRQHandler                       0x0800015f   Thumb Code     0  startup_stm32f103xe.o(.text)
    PVD_IRQHandler                           0x0800015f   Thumb Code     0  startup_stm32f103xe.o(.text)
    RCC_IRQHandler                           0x0800015f   Thumb Code     0  startup_stm32f103xe.o(.text)
    RTC_Alarm_IRQHandler                     0x0800015f   Thumb Code     0  startup_stm32f103xe.o(.text)
    RTC_IRQHandler                           0x0800015f   Thumb Code     0  startup_stm32f103xe.o(.text)
    SDIO_IRQHandler                          0x0800015f   Thumb Code     0  startup_stm32f103xe.o(.text)
    SPI1_IRQHandler                          0x0800015f   Thumb Code     0  startup_stm32f103xe.o(.text)
    SPI2_IRQHandler                          0x0800015f   Thumb Code     0  startup_stm32f103xe.o(.text)
    SPI3_IRQHandler                          0x0800015f   Thumb Code     0  startup_stm32f103xe.o(.text)
    TAMPER_IRQHandler                        0x0800015f   Thumb Code     0  startup_stm32f103xe.o(.text)
    TIM1_BRK_IRQHandler                      0x0800015f   Thumb Code     0  startup_stm32f103xe.o(.text)
    TIM1_CC_IRQHandler                       0x0800015f   Thumb Code     0  startup_stm32f103xe.o(.text)
    TIM1_TRG_COM_IRQHandler                  0x0800015f   Thumb Code     0  startup_stm32f103xe.o(.text)
    TIM1_UP_IRQHandler                       0x0800015f   Thumb Code     0  startup_stm32f103xe.o(.text)
    TIM2_IRQHandler                          0x0800015f   Thumb Code     0  startup_stm32f103xe.o(.text)
    TIM4_IRQHandler                          0x0800015f   Thumb Code     0  startup_stm32f103xe.o(.text)
    TIM5_IRQHandler                          0x0800015f   Thumb Code     0  startup_stm32f103xe.o(.text)
    TIM6_IRQHandler                          0x0800015f   Thumb Code     0  startup_stm32f103xe.o(.text)
    TIM7_IRQHandler                          0x0800015f   Thumb Code     0  startup_stm32f103xe.o(.text)
    TIM8_BRK_IRQHandler                      0x0800015f   Thumb Code     0  startup_stm32f103xe.o(.text)
    TIM8_CC_IRQHandler                       0x0800015f   Thumb Code     0  startup_stm32f103xe.o(.text)
    TIM8_TRG_COM_IRQHandler                  0x0800015f   Thumb Code     0  startup_stm32f103xe.o(.text)
    TIM8_UP_IRQHandler                       0x0800015f   Thumb Code     0  startup_stm32f103xe.o(.text)
    UART4_IRQHandler                         0x0800015f   Thumb Code     0  startup_stm32f103xe.o(.text)
    UART5_IRQHandler                         0x0800015f   Thumb Code     0  startup_stm32f103xe.o(.text)
    USART3_IRQHandler                        0x0800015f   Thumb Code     0  startup_stm32f103xe.o(.text)
    USBWakeUp_IRQHandler                     0x0800015f   Thumb Code     0  startup_stm32f103xe.o(.text)
    USB_HP_CAN1_TX_IRQHandler                0x0800015f   Thumb Code     0  startup_stm32f103xe.o(.text)
    USB_LP_CAN1_RX0_IRQHandler               0x0800015f   Thumb Code     0  startup_stm32f103xe.o(.text)
    WWDG_IRQHandler                          0x0800015f   Thumb Code     0  startup_stm32f103xe.o(.text)
    tolower                                  0x08000169   Thumb Code    12  tolower.o(.text)
    __aeabi_memcpy                           0x08000175   Thumb Code    36  memcpya.o(.text)
    __aeabi_memcpy4                          0x08000175   Thumb Code     0  memcpya.o(.text)
    __aeabi_memcpy8                          0x08000175   Thumb Code     0  memcpya.o(.text)
    __aeabi_memset                           0x08000199   Thumb Code    14  memseta.o(.text)
    __aeabi_memset4                          0x08000199   Thumb Code     0  memseta.o(.text)
    __aeabi_memset8                          0x08000199   Thumb Code     0  memseta.o(.text)
    __aeabi_memclr                           0x080001a7   Thumb Code     4  memseta.o(.text)
    __aeabi_memclr4                          0x080001a7   Thumb Code     0  memseta.o(.text)
    __aeabi_memclr8                          0x080001a7   Thumb Code     0  memseta.o(.text)
    _memset$wrapper                          0x080001ab   Thumb Code    18  memseta.o(.text)
    strstr                                   0x080001bd   Thumb Code    36  strstr.o(.text)
    strlen                                   0x080001e1   Thumb Code    14  strlen.o(.text)
    strncmp                                  0x080001ef   Thumb Code    30  strncmp.o(.text)
    __aeabi_fadd                             0x0800020d   Thumb Code   164  fadd.o(.text)
    __aeabi_fsub                             0x080002b1   Thumb Code     6  fadd.o(.text)
    __aeabi_frsub                            0x080002b7   Thumb Code     6  fadd.o(.text)
    __aeabi_fmul                             0x080002bd   Thumb Code   100  fmul.o(.text)
    __aeabi_fdiv                             0x08000321   Thumb Code   124  fdiv.o(.text)
    __aeabi_dadd                             0x0800039d   Thumb Code   322  dadd.o(.text)
    __aeabi_dsub                             0x080004df   Thumb Code     6  dadd.o(.text)
    __aeabi_drsub                            0x080004e5   Thumb Code     6  dadd.o(.text)
    __aeabi_dmul                             0x080004eb   Thumb Code   228  dmul.o(.text)
    __aeabi_ddiv                             0x080005cf   Thumb Code   222  ddiv.o(.text)
    __aeabi_i2f                              0x080006ad   Thumb Code    18  fflti.o(.text)
    __aeabi_ui2f                             0x080006bf   Thumb Code    10  ffltui.o(.text)
    __aeabi_i2d                              0x080006c9   Thumb Code    34  dflti.o(.text)
    __aeabi_ui2d                             0x080006eb   Thumb Code    26  dfltui.o(.text)
    __aeabi_f2uiz                            0x08000705   Thumb Code    40  ffixui.o(.text)
    __aeabi_d2iz                             0x0800072d   Thumb Code    62  dfixi.o(.text)
    __aeabi_f2d                              0x0800076b   Thumb Code    38  f2d.o(.text)
    __aeabi_cdrcmple                         0x08000791   Thumb Code    48  cdrcmple.o(.text)
    __aeabi_d2f                              0x080007c1   Thumb Code    56  d2f.o(.text)
    __aeabi_uidiv                            0x080007f9   Thumb Code     0  uidiv.o(.text)
    __aeabi_uidivmod                         0x080007f9   Thumb Code    44  uidiv.o(.text)
    __aeabi_uldivmod                         0x08000825   Thumb Code    98  uldiv.o(.text)
    __aeabi_llsl                             0x08000887   Thumb Code    30  llshl.o(.text)
    _ll_shift_l                              0x08000887   Thumb Code     0  llshl.o(.text)
    __aeabi_llsr                             0x080008a5   Thumb Code    32  llushr.o(.text)
    _ll_ushift_r                             0x080008a5   Thumb Code     0  llushr.o(.text)
    __aeabi_lasr                             0x080008c5   Thumb Code    36  llsshr.o(.text)
    _ll_sshift_r                             0x080008c5   Thumb Code     0  llsshr.o(.text)
    __I$use$fp                               0x080008e9   Thumb Code     0  iusefp.o(.text)
    _float_round                             0x080008e9   Thumb Code    18  fepilogue.o(.text)
    _float_epilogue                          0x080008fb   Thumb Code    92  fepilogue.o(.text)
    _double_round                            0x08000957   Thumb Code    30  depilogue.o(.text)
    _double_epilogue                         0x08000975   Thumb Code   156  depilogue.o(.text)
    __ARM_scalbn                             0x08000a11   Thumb Code    46  dscalb.o(.text)
    scalbn                                   0x08000a11   Thumb Code     0  dscalb.o(.text)
    __aeabi_d2ulz                            0x08000a3f   Thumb Code    48  dfixul.o(.text)
    __scatterload                            0x08000a71   Thumb Code    28  init.o(.text)
    __scatterload_rt2                        0x08000a71   Thumb Code     0  init.o(.text)
    _dsqrt                                   0x08000a95   Thumb Code   162  dsqrt.o(.text)
    BL0910_Elect_Proc                        0x08000b39   Thumb Code  2188  main.o(i.BL0910_Elect_Proc)
    BL0910_Init                              0x080013e1   Thumb Code   198  bl0910.o(i.BL0910_Init)
    BL0910_LoadPara                          0x080014bd   Thumb Code    54  bl0910.o(i.BL0910_LoadPara)
    BL0910_SPI_Read                          0x080014f9   Thumb Code   138  bl0910.o(i.BL0910_SPI_Read)
    BL0910_SPI_Write                         0x08001591   Thumb Code   102  bl0910.o(i.BL0910_SPI_Write)
    BusFault_Handler                         0x08001601   Thumb Code     4  stm32f1xx_it.o(i.BusFault_Handler)
    CParsejson                               0x08001605   Thumb Code   170  ec200s.o(i.CParsejson)
    ChkSum_Cal                               0x080016d5   Thumb Code    34  bl0910.o(i.ChkSum_Cal)
    Clear_Buffer                             0x080016f9   Thumb Code    32  ec200s.o(i.Clear_Buffer)
    DebugMon_Handler                         0x08001721   Thumb Code     2  stm32f1xx_it.o(i.DebugMon_Handler)
    EC200SPWR_Init                           0x08001725   Thumb Code    60  led.o(i.EC200SPWR_Init)
    EC200S_Init                              0x08001769   Thumb Code   488  ec200s.o(i.EC200S_Init)
    EC200S_RECData                           0x08001a3d   Thumb Code    80  ec200s.o(i.EC200S_RECData)
    Energy_Cal                               0x08001aa9   Thumb Code    44  bl0910.o(i.Energy_Cal)
    Get_GNSSRMA                              0x08001ad9   Thumb Code    44  ec200s.o(i.Get_GNSSRMA)
    Get_GSM_loc                              0x08001b31   Thumb Code    20  ec200s.o(i.Get_GSM_loc)
    Getdata_Change                           0x08001b51   Thumb Code  1768  ec200s.o(i.Getdata_Change)
    HAL_DMA_Abort_IT                         0x08002275   Thumb Code   414  stm32f1xx_hal_dma.o(i.HAL_DMA_Abort_IT)
    HAL_Delay                                0x0800241d   Thumb Code    36  stm32f1xx_hal.o(i.HAL_Delay)
    HAL_GPIO_Init                            0x08002445   Thumb Code   792  stm32f1xx_hal_gpio.o(i.HAL_GPIO_Init)
    HAL_GPIO_WritePin                        0x08002785   Thumb Code    12  stm32f1xx_hal_gpio.o(i.HAL_GPIO_WritePin)
    HAL_GetTick                              0x08002791   Thumb Code     6  stm32f1xx_hal.o(i.HAL_GetTick)
    HAL_IWDG_Init                            0x0800279d   Thumb Code    80  stm32f1xx_hal_iwdg.o(i.HAL_IWDG_Init)
    HAL_IWDG_Refresh                         0x080027ed   Thumb Code    14  stm32f1xx_hal_iwdg.o(i.HAL_IWDG_Refresh)
    HAL_IncTick                              0x080027fd   Thumb Code    16  stm32f1xx_hal.o(i.HAL_IncTick)
    HAL_Init                                 0x08002815   Thumb Code    34  stm32f1xx_hal.o(i.HAL_Init)
    HAL_InitTick                             0x0800283d   Thumb Code    64  stm32f1xx_hal.o(i.HAL_InitTick)
    HAL_MspInit                              0x08002889   Thumb Code     2  stm32f1xx_hal_msp.o(i.HAL_MspInit)
    HAL_NVIC_EnableIRQ                       0x0800288b   Thumb Code    32  stm32f1xx_hal_cortex.o(i.HAL_NVIC_EnableIRQ)
    HAL_NVIC_SetPriority                     0x080028ab   Thumb Code   124  stm32f1xx_hal_cortex.o(i.HAL_NVIC_SetPriority)
    HAL_NVIC_SetPriorityGrouping             0x08002929   Thumb Code    32  stm32f1xx_hal_cortex.o(i.HAL_NVIC_SetPriorityGrouping)
    HAL_RCC_ClockConfig                      0x08002951   Thumb Code   376  stm32f1xx_hal_rcc.o(i.HAL_RCC_ClockConfig)
    HAL_RCC_GetHCLKFreq                      0x08002add   Thumb Code     6  stm32f1xx_hal_rcc.o(i.HAL_RCC_GetHCLKFreq)
    HAL_RCC_GetPCLK1Freq                     0x08002ae9   Thumb Code    22  stm32f1xx_hal_rcc.o(i.HAL_RCC_GetPCLK1Freq)
    HAL_RCC_GetPCLK2Freq                     0x08002b09   Thumb Code    22  stm32f1xx_hal_rcc.o(i.HAL_RCC_GetPCLK2Freq)
    HAL_RCC_GetSysClockFreq                  0x08002b29   Thumb Code   116  stm32f1xx_hal_rcc.o(i.HAL_RCC_GetSysClockFreq)
    HAL_RCC_OscConfig                        0x08002bbd   Thumb Code  1114  stm32f1xx_hal_rcc.o(i.HAL_RCC_OscConfig)
    HAL_SPI_Init                             0x08003021   Thumb Code   156  stm32f1xx_hal_spi.o(i.HAL_SPI_Init)
    HAL_SPI_MspInit                          0x080030bd   Thumb Code   104  bl0910.o(i.HAL_SPI_MspInit)
    HAL_SPI_Receive                          0x0800312d   Thumb Code   586  stm32f1xx_hal_spi.o(i.HAL_SPI_Receive)
    HAL_SPI_Transmit                         0x08003377   Thumb Code   474  stm32f1xx_hal_spi.o(i.HAL_SPI_Transmit)
    HAL_SPI_TransmitReceive                  0x08003551   Thumb Code   750  stm32f1xx_hal_spi.o(i.HAL_SPI_TransmitReceive)
    HAL_SYSTICK_CLKSourceConfig              0x0800383f   Thumb Code    40  stm32f1xx_hal_cortex.o(i.HAL_SYSTICK_CLKSourceConfig)
    HAL_SYSTICK_Config                       0x08003867   Thumb Code    52  stm32f1xx_hal_cortex.o(i.HAL_SYSTICK_Config)
    HAL_TIMEx_BreakCallback                  0x0800389b   Thumb Code     2  stm32f1xx_hal_tim_ex.o(i.HAL_TIMEx_BreakCallback)
    HAL_TIMEx_CommutCallback                 0x0800389d   Thumb Code     2  stm32f1xx_hal_tim_ex.o(i.HAL_TIMEx_CommutCallback)
    HAL_TIM_Base_Init                        0x0800389f   Thumb Code    52  stm32f1xx_hal_tim.o(i.HAL_TIM_Base_Init)
    HAL_TIM_Base_MspInit                     0x080038d5   Thumb Code    58  timer.o(i.HAL_TIM_Base_MspInit)
    HAL_TIM_Base_Start_IT                    0x08003919   Thumb Code    42  stm32f1xx_hal_tim.o(i.HAL_TIM_Base_Start_IT)
    HAL_TIM_IC_CaptureCallback               0x08003943   Thumb Code     2  stm32f1xx_hal_tim.o(i.HAL_TIM_IC_CaptureCallback)
    HAL_TIM_IRQHandler                       0x08003945   Thumb Code   406  stm32f1xx_hal_tim.o(i.HAL_TIM_IRQHandler)
    HAL_TIM_OC_DelayElapsedCallback          0x08003adb   Thumb Code     2  stm32f1xx_hal_tim.o(i.HAL_TIM_OC_DelayElapsedCallback)
    HAL_TIM_PWM_PulseFinishedCallback        0x08003add   Thumb Code     2  stm32f1xx_hal_tim.o(i.HAL_TIM_PWM_PulseFinishedCallback)
    HAL_TIM_PeriodElapsedCallback            0x08003ae1   Thumb Code    34  timer.o(i.HAL_TIM_PeriodElapsedCallback)
    HAL_TIM_TriggerCallback                  0x08003b11   Thumb Code     2  stm32f1xx_hal_tim.o(i.HAL_TIM_TriggerCallback)
    HAL_UART_ErrorCallback                   0x08003b13   Thumb Code     2  stm32f1xx_hal_uart.o(i.HAL_UART_ErrorCallback)
    HAL_UART_IRQHandler                      0x08003b15   Thumb Code   326  stm32f1xx_hal_uart.o(i.HAL_UART_IRQHandler)
    HAL_UART_Init                            0x08003c61   Thumb Code   114  stm32f1xx_hal_uart.o(i.HAL_UART_Init)
    HAL_UART_MspInit                         0x08003cd5   Thumb Code   300  usart.o(i.HAL_UART_MspInit)
    HAL_UART_Receive_IT                      0x08003e11   Thumb Code   112  stm32f1xx_hal_uart.o(i.HAL_UART_Receive_IT)
    HAL_UART_RxCpltCallback                  0x08003e81   Thumb Code     2  stm32f1xx_hal_uart.o(i.HAL_UART_RxCpltCallback)
    HAL_UART_TxCpltCallback                  0x08003e83   Thumb Code     2  stm32f1xx_hal_uart.o(i.HAL_UART_TxCpltCallback)
    HardFault_Handler                        0x08003e85   Thumb Code     4  stm32f1xx_it.o(i.HardFault_Handler)
    IWDG_Feed                                0x08003e89   Thumb Code    10  wdg.o(i.IWDG_Feed)
    IWDG_Init                                0x08003e99   Thumb Code    24  wdg.o(i.IWDG_Init)
    LED_Init                                 0x08003eb9   Thumb Code   176  led.o(i.LED_Init)
    MQTT_Init                                0x08003f79   Thumb Code   128  ec200s.o(i.MQTT_Init)
    MemManage_Handler                        0x080040d1   Thumb Code     4  stm32f1xx_it.o(i.MemManage_Handler)
    Mqttaliyun_Send_Energy                   0x080040d5   Thumb Code   138  ec200s.o(i.Mqttaliyun_Send_Energy)
    Mqttaliyun_Send_Freq                     0x08004169   Thumb Code   146  ec200s.o(i.Mqttaliyun_Send_Freq)
    Mqttaliyun_Send_Irms                     0x08004205   Thumb Code   248  ec200s.o(i.Mqttaliyun_Send_Irms)
    NMI_Handler                              0x0800430d   Thumb Code     2  stm32f1xx_it.o(i.NMI_Handler)
    PendSV_Handler                           0x0800430f   Thumb Code     2  stm32f1xx_it.o(i.PendSV_Handler)
    Pub_Msgdata_Energy                       0x08004311   Thumb Code    98  main.o(i.Pub_Msgdata_Energy)
    Pub_Msgdata_Freq                         0x080043f9   Thumb Code    98  main.o(i.Pub_Msgdata_Freq)
    Pub_Msgdata_current                      0x080044e1   Thumb Code    98  main.o(i.Pub_Msgdata_current)
    SPI1_Init                                0x080045f1   Thumb Code    76  bl0910.o(i.SPI1_Init)
    SPI1_ReadWriteByte                       0x08004645   Thumb Code    28  bl0910.o(i.SPI1_ReadWriteByte)
    SPI_ISCRCErrorValid                      0x08004705   Thumb Code     6  stm32f1xx_hal_spi.o(i.SPI_ISCRCErrorValid)
    SVC_Handler                              0x080047b3   Thumb Code     2  stm32f1xx_it.o(i.SVC_Handler)
    Stm32_Clock_Init                         0x080047b5   Thumb Code    86  sys.o(i.Stm32_Clock_Init)
    SysTick_Handler                          0x0800480b   Thumb Code     8  stm32f1xx_it.o(i.SysTick_Handler)
    SystemInit                               0x08004815   Thumb Code    70  system_stm32f1xx.o(i.SystemInit)
    TIM3_IRQHandler                          0x0800486d   Thumb Code    10  timer.o(i.TIM3_IRQHandler)
    TIM3_Init                                0x0800487d   Thumb Code    36  timer.o(i.TIM3_Init)
    TIM_Base_SetConfig                       0x080048a9   Thumb Code   134  stm32f1xx_hal_tim.o(i.TIM_Base_SetConfig)
    USART1_IRQHandler                        0x08004c49   Thumb Code   150  usart.o(i.USART1_IRQHandler)
    USART2_IRQHandler                        0x08004cfd   Thumb Code   266  usart.o(i.USART2_IRQHandler)
    Uart2_SendDATA                           0x08004e29   Thumb Code    38  usart.o(i.Uart2_SendDATA)
    UsageFault_Handler                       0x08004e55   Thumb Code     4  stm32f1xx_it.o(i.UsageFault_Handler)
    __0printf                                0x08004e59   Thumb Code    22  printfa.o(i.__0printf)
    __1printf                                0x08004e59   Thumb Code     0  printfa.o(i.__0printf)
    __2printf                                0x08004e59   Thumb Code     0  printfa.o(i.__0printf)
    __c89printf                              0x08004e59   Thumb Code     0  printfa.o(i.__0printf)
    printf                                   0x08004e59   Thumb Code     0  printfa.o(i.__0printf)
    __0sprintf                               0x08004e79   Thumb Code    34  printfa.o(i.__0sprintf)
    __1sprintf                               0x08004e79   Thumb Code     0  printfa.o(i.__0sprintf)
    __2sprintf                               0x08004e79   Thumb Code     0  printfa.o(i.__0sprintf)
    __c89sprintf                             0x08004e79   Thumb Code     0  printfa.o(i.__0sprintf)
    sprintf                                  0x08004e79   Thumb Code     0  printfa.o(i.__0sprintf)
    __ARM_fpclassify                         0x08004ea1   Thumb Code    40  fpclassify.o(i.__ARM_fpclassify)
    __kernel_poly                            0x08004f01   Thumb Code   170  poly.o(i.__kernel_poly)
    __mathlib_dbl_divzero                    0x08004fad   Thumb Code    12  dunder.o(i.__mathlib_dbl_divzero)
    __mathlib_dbl_infnan2                    0x08004fbd   Thumb Code     4  dunder.o(i.__mathlib_dbl_infnan2)
    __mathlib_dbl_invalid                    0x08004fc1   Thumb Code    12  dunder.o(i.__mathlib_dbl_invalid)
    __mathlib_dbl_overflow                   0x08004fcd   Thumb Code    14  dunder.o(i.__mathlib_dbl_overflow)
    __mathlib_dbl_underflow                  0x08004fdd   Thumb Code    10  dunder.o(i.__mathlib_dbl_underflow)
    __scatterload_copy                       0x08004fed   Thumb Code    14  handlers.o(i.__scatterload_copy)
    __scatterload_null                       0x08004ffb   Thumb Code     2  handlers.o(i.__scatterload_null)
    __scatterload_zeroinit                   0x08004ffd   Thumb Code    14  handlers.o(i.__scatterload_zeroinit)
    __set_errno                              0x0800500d   Thumb Code     6  errno.o(i.__set_errno)
    cJSON_Delete                             0x080058d5   Thumb Code    82  cjson.o(i.cJSON_Delete)
    cJSON_GetObjectItem                      0x0800592d   Thumb Code    30  cjson.o(i.cJSON_GetObjectItem)
    cJSON_Parse                              0x0800596d   Thumb Code    16  cjson.o(i.cJSON_Parse)
    cJSON_ParseWithOpts                      0x0800597d   Thumb Code    96  cjson.o(i.cJSON_ParseWithOpts)
    delay_init                               0x08005a2d   Thumb Code    16  delay.o(i.delay_init)
    delay_ms                                 0x08005a41   Thumb Code    24  delay.o(i.delay_ms)
    delay_us                                 0x08005a59   Thumb Code    68  delay.o(i.delay_us)
    fputc                                    0x08005aa1   Thumb Code    24  usart.o(i.fputc)
    free                                     0x08005abd   Thumb Code    76  malloc.o(i.free)
    main                                     0x08005b0d   Thumb Code   112  main.o(i.main)
    malloc                                   0x08005bc5   Thumb Code    92  malloc.o(i.malloc)
    pow                                      0x08006349   Thumb Code  2512  pow.o(i.pow)
    sqrt                                     0x08006d33   Thumb Code    76  sqrt.o(i.sqrt)
    uart2_init                               0x08006d81   Thumb Code    44  usart.o(i.uart2_init)
    uart_init                                0x08006db9   Thumb Code    44  usart.o(i.uart_init)
    AHBPrescTable                            0x08006df0   Data          16  system_stm32f1xx.o(.constdata)
    APBPrescTable                            0x08006e00   Data           8  system_stm32f1xx.o(.constdata)
    __mathlib_zero                           0x08006e98   Data           8  qnan.o(.constdata)
    Region$$Table$$Base                      0x08007038   Number         0  anon$$obj.o(Region$$Table)
    Region$$Table$$Limit                     0x08007058   Number         0  anon$$obj.o(Region$$Table)
    temp                                     0x20000000   Data           1  main.o(.data)
    humi                                     0x20000001   Data           1  main.o(.data)
    i                                        0x20000002   Data           2  main.o(.data)
    data_val                                 0x20000004   Data           4  main.o(.data)
    time_val                                 0x20000008   Data           4  main.o(.data)
    flag_usart_gsm                           0x2000000c   Data           1  main.o(.data)
    t_json_len                               0x20000010   Data           4  main.o(.data)
    SystemCoreClock                          0x20000014   Data           4  system_stm32f1xx.o(.data)
    uwTick                                   0x20000024   Data           4  stm32f1xx_hal.o(.data)
    uwTickPrio                               0x20000028   Data           4  stm32f1xx_hal.o(.data)
    uwTickFreq                               0x2000002c   Data           1  stm32f1xx_hal.o(.data)
    __stdout                                 0x20000034   Data           4  usart.o(.data)
    USART_RX_STA                             0x20000038   Data           2  usart.o(.data)
    aRxBuffer                                0x2000003a   Data           1  usart.o(.data)
    RxCounter1                               0x2000003c   Data           2  usart.o(.data)
    RxCounter                                0x2000003e   Data           1  usart.o(.data)
    strx                                     0x20000040   Data           4  ec200s.o(.data)
    extstrx                                  0x20000044   Data           4  ec200s.o(.data)
    BL0910_ComSta                            0x20000048   Data           1  bl0910.o(.data)
    Eng_Cal                                  0x2000004a   Data           4  bl0910.o(.data)
    BL0910_Data                              0x20000050   Data           4  bl0910.o(.data)
    SPI_RST                                  0x20000054   Data           6  bl0910.o(.data)
    flg_FrameStart                           0x2000005a   Data           1  bl0910.o(.data)
    task_cnt                                 0x2000005c   Data           4  timer.o(.data)
    __microlib_freelist                      0x20000060   Data           4  mvars.o(.data)
    __microlib_freelist_initialised          0x20000064   Data           4  mvars.o(.data)
    rx_data2                                 0x20000070   Data          20  main.o(.bss)
    rx_data                                  0x20000084   Data          32  main.o(.bss)
    Irms_buff                                0x200000a8   Data          64  main.o(.bss)
    Energy_buff                              0x200000e8   Data          72  main.o(.bss)
    Freq_Electricity_consumption             0x20000130   Data          80  main.o(.bss)
    USART_RX_BUF                             0x20000180   Data         200  usart.o(.bss)
    UART1_Handler                            0x20000248   Data          64  usart.o(.bss)
    UART2_Handler                            0x20000288   Data          64  usart.o(.bss)
    RxBuffer1                                0x200002c8   Data         200  usart.o(.bss)
    RxBuffer                                 0x20000390   Data         250  usart.o(.bss)
    GSM_LongLatistr                          0x2000048c   Data         100  ec200s.o(.bss)
    LongLatidata                             0x200004f0   Data         260  ec200s.o(.bss)
    IWDG_Handler                             0x200005f4   Data          12  wdg.o(.bss)
    SPI1_Handler                             0x20000600   Data          88  bl0910.o(.bss)
    Eng_CFCnt                                0x20000658   Data          22  bl0910.o(.bss)
    BL0910_Elect                             0x2000066e   Data          70  bl0910.o(.bss)
    TIM3_Handler                             0x200006b4   Data          64  timer.o(.bss)
    __heap_base                              0x200006f8   Data           0  startup_stm32f103xe.o(HEAP)
    __heap_limit                             0x200008f8   Data           0  startup_stm32f103xe.o(HEAP)
    __initial_sp                             0x20000cf8   Data           0  startup_stm32f103xe.o(STACK)



==============================================================================

Memory Map of the image

  Image Entry point : 0x08000131

  Load Region LR_IROM1 (Base: 0x08000000, Size: 0x000070c4, Max: 0x00040000, ABSOLUTE)

    Execution Region ER_IROM1 (Exec base: 0x08000000, Load base: 0x08000000, Size: 0x00007058, Max: 0x00040000, ABSOLUTE)

    Exec Addr    Load Addr    Size         Type   Attr      Idx    E Section Name        Object

    0x08000000   0x08000000   0x00000130   Data   RO          859    RESET               startup_stm32f103xe.o
    0x08000130   0x08000130   0x00000000   Code   RO         4098  * .ARM.Collect$$$$00000000  mc_w.l(entry.o)
    0x08000130   0x08000130   0x00000004   Code   RO         4467    .ARM.Collect$$$$00000001  mc_w.l(entry2.o)
    0x08000134   0x08000134   0x00000004   Code   RO         4470    .ARM.Collect$$$$00000004  mc_w.l(entry5.o)
    0x08000138   0x08000138   0x00000000   Code   RO         4472    .ARM.Collect$$$$00000008  mc_w.l(entry7b.o)
    0x08000138   0x08000138   0x00000000   Code   RO         4474    .ARM.Collect$$$$0000000A  mc_w.l(entry8b.o)
    0x08000138   0x08000138   0x00000008   Code   RO         4475    .ARM.Collect$$$$0000000B  mc_w.l(entry9a.o)
    0x08000140   0x08000140   0x00000000   Code   RO         4477    .ARM.Collect$$$$0000000D  mc_w.l(entry10a.o)
    0x08000140   0x08000140   0x00000000   Code   RO         4479    .ARM.Collect$$$$0000000F  mc_w.l(entry11a.o)
    0x08000140   0x08000140   0x00000004   Code   RO         4468    .ARM.Collect$$$$00002712  mc_w.l(entry2.o)
    0x08000144   0x08000144   0x00000024   Code   RO          860    .text               startup_stm32f103xe.o
    0x08000168   0x08000168   0x0000000c   Code   RO         4101    .text               mc_w.l(tolower.o)
    0x08000174   0x08000174   0x00000024   Code   RO         4103    .text               mc_w.l(memcpya.o)
    0x08000198   0x08000198   0x00000024   Code   RO         4105    .text               mc_w.l(memseta.o)
    0x080001bc   0x080001bc   0x00000024   Code   RO         4107    .text               mc_w.l(strstr.o)
    0x080001e0   0x080001e0   0x0000000e   Code   RO         4111    .text               mc_w.l(strlen.o)
    0x080001ee   0x080001ee   0x0000001e   Code   RO         4115    .text               mc_w.l(strncmp.o)
    0x0800020c   0x0800020c   0x000000b0   Code   RO         4408    .text               mf_w.l(fadd.o)
    0x080002bc   0x080002bc   0x00000064   Code   RO         4410    .text               mf_w.l(fmul.o)
    0x08000320   0x08000320   0x0000007c   Code   RO         4412    .text               mf_w.l(fdiv.o)
    0x0800039c   0x0800039c   0x0000014e   Code   RO         4414    .text               mf_w.l(dadd.o)
    0x080004ea   0x080004ea   0x000000e4   Code   RO         4416    .text               mf_w.l(dmul.o)
    0x080005ce   0x080005ce   0x000000de   Code   RO         4418    .text               mf_w.l(ddiv.o)
    0x080006ac   0x080006ac   0x00000012   Code   RO         4420    .text               mf_w.l(fflti.o)
    0x080006be   0x080006be   0x0000000a   Code   RO         4422    .text               mf_w.l(ffltui.o)
    0x080006c8   0x080006c8   0x00000022   Code   RO         4424    .text               mf_w.l(dflti.o)
    0x080006ea   0x080006ea   0x0000001a   Code   RO         4426    .text               mf_w.l(dfltui.o)
    0x08000704   0x08000704   0x00000028   Code   RO         4428    .text               mf_w.l(ffixui.o)
    0x0800072c   0x0800072c   0x0000003e   Code   RO         4430    .text               mf_w.l(dfixi.o)
    0x0800076a   0x0800076a   0x00000026   Code   RO         4432    .text               mf_w.l(f2d.o)
    0x08000790   0x08000790   0x00000030   Code   RO         4436    .text               mf_w.l(cdrcmple.o)
    0x080007c0   0x080007c0   0x00000038   Code   RO         4438    .text               mf_w.l(d2f.o)
    0x080007f8   0x080007f8   0x0000002c   Code   RO         4481    .text               mc_w.l(uidiv.o)
    0x08000824   0x08000824   0x00000062   Code   RO         4483    .text               mc_w.l(uldiv.o)
    0x08000886   0x08000886   0x0000001e   Code   RO         4485    .text               mc_w.l(llshl.o)
    0x080008a4   0x080008a4   0x00000020   Code   RO         4487    .text               mc_w.l(llushr.o)
    0x080008c4   0x080008c4   0x00000024   Code   RO         4489    .text               mc_w.l(llsshr.o)
    0x080008e8   0x080008e8   0x00000000   Code   RO         4500    .text               mc_w.l(iusefp.o)
    0x080008e8   0x080008e8   0x0000006e   Code   RO         4501    .text               mf_w.l(fepilogue.o)
    0x08000956   0x08000956   0x000000ba   Code   RO         4503    .text               mf_w.l(depilogue.o)
    0x08000a10   0x08000a10   0x0000002e   Code   RO         4505    .text               mf_w.l(dscalb.o)
    0x08000a3e   0x08000a3e   0x00000030   Code   RO         4507    .text               mf_w.l(dfixul.o)
    0x08000a6e   0x08000a6e   0x00000002   PAD
    0x08000a70   0x08000a70   0x00000024   Code   RO         4509    .text               mc_w.l(init.o)
    0x08000a94   0x08000a94   0x000000a2   Code   RO         4511    .text               mf_w.l(dsqrt.o)
    0x08000b36   0x08000b36   0x00000002   PAD
    0x08000b38   0x08000b38   0x000008a8   Code   RO            4    i.BL0910_Elect_Proc  main.o
    0x080013e0   0x080013e0   0x000000dc   Code   RO         3942    i.BL0910_Init       bl0910.o
    0x080014bc   0x080014bc   0x0000003c   Code   RO         3943    i.BL0910_LoadPara   bl0910.o
    0x080014f8   0x080014f8   0x00000098   Code   RO         3944    i.BL0910_SPI_Read   bl0910.o
    0x08001590   0x08001590   0x00000070   Code   RO         3945    i.BL0910_SPI_Write  bl0910.o
    0x08001600   0x08001600   0x00000004   Code   RO          273    i.BusFault_Handler  stm32f1xx_it.o
    0x08001604   0x08001604   0x000000d0   Code   RO         3782    i.CParsejson        ec200s.o
    0x080016d4   0x080016d4   0x00000022   Code   RO         3947    i.ChkSum_Cal        bl0910.o
    0x080016f6   0x080016f6   0x00000002   PAD
    0x080016f8   0x080016f8   0x00000028   Code   RO         3783    i.Clear_Buffer      ec200s.o
    0x08001720   0x08001720   0x00000002   Code   RO          274    i.DebugMon_Handler  stm32f1xx_it.o
    0x08001722   0x08001722   0x00000002   PAD
    0x08001724   0x08001724   0x00000044   Code   RO         3752    i.EC200SPWR_Init    led.o
    0x08001768   0x08001768   0x000002d4   Code   RO         3785    i.EC200S_Init       ec200s.o
    0x08001a3c   0x08001a3c   0x0000006c   Code   RO         3786    i.EC200S_RECData    ec200s.o
    0x08001aa8   0x08001aa8   0x00000030   Code   RO         3948    i.Energy_Cal        bl0910.o
    0x08001ad8   0x08001ad8   0x00000058   Code   RO         3789    i.Get_GNSSRMA       ec200s.o
    0x08001b30   0x08001b30   0x00000020   Code   RO         3790    i.Get_GSM_loc       ec200s.o
    0x08001b50   0x08001b50   0x00000724   Code   RO         3791    i.Getdata_Change    ec200s.o
    0x08002274   0x08002274   0x000001a8   Code   RO         1165    i.HAL_DMA_Abort_IT  stm32f1xx_hal_dma.o
    0x0800241c   0x0800241c   0x00000028   Code   RO          874    i.HAL_Delay         stm32f1xx_hal.o
    0x08002444   0x08002444   0x00000340   Code   RO         1261    i.HAL_GPIO_Init     stm32f1xx_hal_gpio.o
    0x08002784   0x08002784   0x0000000c   Code   RO         1265    i.HAL_GPIO_WritePin  stm32f1xx_hal_gpio.o
    0x08002790   0x08002790   0x0000000c   Code   RO          878    i.HAL_GetTick       stm32f1xx_hal.o
    0x0800279c   0x0800279c   0x00000050   Code   RO         2273    i.HAL_IWDG_Init     stm32f1xx_hal_iwdg.o
    0x080027ec   0x080027ec   0x0000000e   Code   RO         2274    i.HAL_IWDG_Refresh  stm32f1xx_hal_iwdg.o
    0x080027fa   0x080027fa   0x00000002   PAD
    0x080027fc   0x080027fc   0x00000018   Code   RO          884    i.HAL_IncTick       stm32f1xx_hal.o
    0x08002814   0x08002814   0x00000028   Code   RO          885    i.HAL_Init          stm32f1xx_hal.o
    0x0800283c   0x0800283c   0x0000004c   Code   RO          886    i.HAL_InitTick      stm32f1xx_hal.o
    0x08002888   0x08002888   0x00000002   Code   RO          472    i.HAL_MspInit       stm32f1xx_hal_msp.o
    0x0800288a   0x0800288a   0x00000020   Code   RO         1043    i.HAL_NVIC_EnableIRQ  stm32f1xx_hal_cortex.o
    0x080028aa   0x080028aa   0x0000007c   Code   RO         1049    i.HAL_NVIC_SetPriority  stm32f1xx_hal_cortex.o
    0x08002926   0x08002926   0x00000002   PAD
    0x08002928   0x08002928   0x00000028   Code   RO         1050    i.HAL_NVIC_SetPriorityGrouping  stm32f1xx_hal_cortex.o
    0x08002950   0x08002950   0x0000018c   Code   RO         1486    i.HAL_RCC_ClockConfig  stm32f1xx_hal_rcc.o
    0x08002adc   0x08002adc   0x0000000c   Code   RO         1491    i.HAL_RCC_GetHCLKFreq  stm32f1xx_hal_rcc.o
    0x08002ae8   0x08002ae8   0x00000020   Code   RO         1493    i.HAL_RCC_GetPCLK1Freq  stm32f1xx_hal_rcc.o
    0x08002b08   0x08002b08   0x00000020   Code   RO         1494    i.HAL_RCC_GetPCLK2Freq  stm32f1xx_hal_rcc.o
    0x08002b28   0x08002b28   0x00000094   Code   RO         1495    i.HAL_RCC_GetSysClockFreq  stm32f1xx_hal_rcc.o
    0x08002bbc   0x08002bbc   0x00000464   Code   RO         1498    i.HAL_RCC_OscConfig  stm32f1xx_hal_rcc.o
    0x08003020   0x08003020   0x0000009c   Code   RO         2314    i.HAL_SPI_Init      stm32f1xx_hal_spi.o
    0x080030bc   0x080030bc   0x00000070   Code   RO         3949    i.HAL_SPI_MspInit   bl0910.o
    0x0800312c   0x0800312c   0x0000024a   Code   RO         2317    i.HAL_SPI_Receive   stm32f1xx_hal_spi.o
    0x08003376   0x08003376   0x000001da   Code   RO         2322    i.HAL_SPI_Transmit  stm32f1xx_hal_spi.o
    0x08003550   0x08003550   0x000002ee   Code   RO         2323    i.HAL_SPI_TransmitReceive  stm32f1xx_hal_spi.o
    0x0800383e   0x0800383e   0x00000028   Code   RO         1052    i.HAL_SYSTICK_CLKSourceConfig  stm32f1xx_hal_cortex.o
    0x08003866   0x08003866   0x00000034   Code   RO         1054    i.HAL_SYSTICK_Config  stm32f1xx_hal_cortex.o
    0x0800389a   0x0800389a   0x00000002   Code   RO         3339    i.HAL_TIMEx_BreakCallback  stm32f1xx_hal_tim_ex.o
    0x0800389c   0x0800389c   0x00000002   Code   RO         3340    i.HAL_TIMEx_CommutCallback  stm32f1xx_hal_tim_ex.o
    0x0800389e   0x0800389e   0x00000034   Code   RO         2653    i.HAL_TIM_Base_Init  stm32f1xx_hal_tim.o
    0x080038d2   0x080038d2   0x00000002   PAD
    0x080038d4   0x080038d4   0x00000044   Code   RO         4034    i.HAL_TIM_Base_MspInit  timer.o
    0x08003918   0x08003918   0x0000002a   Code   RO         2658    i.HAL_TIM_Base_Start_IT  stm32f1xx_hal_tim.o
    0x08003942   0x08003942   0x00000002   Code   RO         2682    i.HAL_TIM_IC_CaptureCallback  stm32f1xx_hal_tim.o
    0x08003944   0x08003944   0x00000196   Code   RO         2696    i.HAL_TIM_IRQHandler  stm32f1xx_hal_tim.o
    0x08003ada   0x08003ada   0x00000002   Code   RO         2699    i.HAL_TIM_OC_DelayElapsedCallback  stm32f1xx_hal_tim.o
    0x08003adc   0x08003adc   0x00000002   Code   RO         2726    i.HAL_TIM_PWM_PulseFinishedCallback  stm32f1xx_hal_tim.o
    0x08003ade   0x08003ade   0x00000002   PAD
    0x08003ae0   0x08003ae0   0x00000030   Code   RO         4035    i.HAL_TIM_PeriodElapsedCallback  timer.o
    0x08003b10   0x08003b10   0x00000002   Code   RO         2739    i.HAL_TIM_TriggerCallback  stm32f1xx_hal_tim.o
    0x08003b12   0x08003b12   0x00000002   Code   RO         1649    i.HAL_UART_ErrorCallback  stm32f1xx_hal_uart.o
    0x08003b14   0x08003b14   0x0000014c   Code   RO         1652    i.HAL_UART_IRQHandler  stm32f1xx_hal_uart.o
    0x08003c60   0x08003c60   0x00000072   Code   RO         1653    i.HAL_UART_Init     stm32f1xx_hal_uart.o
    0x08003cd2   0x08003cd2   0x00000002   PAD
    0x08003cd4   0x08003cd4   0x0000013c   Code   RO         3674    i.HAL_UART_MspInit  usart.o
    0x08003e10   0x08003e10   0x00000070   Code   RO         1658    i.HAL_UART_Receive_IT  stm32f1xx_hal_uart.o
    0x08003e80   0x08003e80   0x00000002   Code   RO         1659    i.HAL_UART_RxCpltCallback  stm32f1xx_hal_uart.o
    0x08003e82   0x08003e82   0x00000002   Code   RO         1664    i.HAL_UART_TxCpltCallback  stm32f1xx_hal_uart.o
    0x08003e84   0x08003e84   0x00000004   Code   RO          275    i.HardFault_Handler  stm32f1xx_it.o
    0x08003e88   0x08003e88   0x00000010   Code   RO         3909    i.IWDG_Feed         wdg.o
    0x08003e98   0x08003e98   0x00000020   Code   RO         3910    i.IWDG_Init         wdg.o
    0x08003eb8   0x08003eb8   0x000000c0   Code   RO         3753    i.LED_Init          led.o
    0x08003f78   0x08003f78   0x00000158   Code   RO         3792    i.MQTT_Init         ec200s.o
    0x080040d0   0x080040d0   0x00000004   Code   RO          276    i.MemManage_Handler  stm32f1xx_it.o
    0x080040d4   0x080040d4   0x00000094   Code   RO         3793    i.Mqttaliyun_Send_Energy  ec200s.o
    0x08004168   0x08004168   0x0000009c   Code   RO         3794    i.Mqttaliyun_Send_Freq  ec200s.o
    0x08004204   0x08004204   0x00000108   Code   RO         3795    i.Mqttaliyun_Send_Irms  ec200s.o
    0x0800430c   0x0800430c   0x00000002   Code   RO          277    i.NMI_Handler       stm32f1xx_it.o
    0x0800430e   0x0800430e   0x00000002   Code   RO          278    i.PendSV_Handler    stm32f1xx_it.o
    0x08004310   0x08004310   0x000000e8   Code   RO            5    i.Pub_Msgdata_Energy  main.o
    0x080043f8   0x080043f8   0x000000e8   Code   RO            6    i.Pub_Msgdata_Freq  main.o
    0x080044e0   0x080044e0   0x000000e8   Code   RO            7    i.Pub_Msgdata_current  main.o
    0x080045c8   0x080045c8   0x00000028   Code   RO         1499    i.RCC_Delay         stm32f1xx_hal_rcc.o
    0x080045f0   0x080045f0   0x00000054   Code   RO         3950    i.SPI1_Init         bl0910.o
    0x08004644   0x08004644   0x00000020   Code   RO         3951    i.SPI1_ReadWriteByte  bl0910.o
    0x08004664   0x08004664   0x00000078   Code   RO         2353    i.SPI_EndRxTransaction  stm32f1xx_hal_spi.o
    0x080046dc   0x080046dc   0x00000028   Code   RO         2354    i.SPI_EndRxTxTransaction  stm32f1xx_hal_spi.o
    0x08004704   0x08004704   0x00000006   Code   RO         2355    i.SPI_ISCRCErrorValid  stm32f1xx_hal_spi.o
    0x0800470a   0x0800470a   0x000000a8   Code   RO         2362    i.SPI_WaitFlagStateUntilTimeout  stm32f1xx_hal_spi.o
    0x080047b2   0x080047b2   0x00000002   Code   RO          279    i.SVC_Handler       stm32f1xx_it.o
    0x080047b4   0x080047b4   0x00000056   Code   RO         3631    i.Stm32_Clock_Init  sys.o
    0x0800480a   0x0800480a   0x00000008   Code   RO          280    i.SysTick_Handler   stm32f1xx_it.o
    0x08004812   0x08004812   0x00000002   PAD
    0x08004814   0x08004814   0x00000058   Code   RO          353    i.SystemInit        system_stm32f1xx.o
    0x0800486c   0x0800486c   0x00000010   Code   RO         4036    i.TIM3_IRQHandler   timer.o
    0x0800487c   0x0800487c   0x0000002c   Code   RO         4037    i.TIM3_Init         timer.o
    0x080048a8   0x080048a8   0x0000009c   Code   RO         2741    i.TIM_Base_SetConfig  stm32f1xx_hal_tim.o
    0x08004944   0x08004944   0x00000014   Code   RO         1666    i.UART_DMAAbortOnError  stm32f1xx_hal_uart.o
    0x08004958   0x08004958   0x00000020   Code   RO         1676    i.UART_EndRxTransfer  stm32f1xx_hal_uart.o
    0x08004978   0x08004978   0x00000020   Code   RO         1677    i.UART_EndTransmit_IT  stm32f1xx_hal_uart.o
    0x08004998   0x08004998   0x000000a6   Code   RO         1679    i.UART_Receive_IT   stm32f1xx_hal_uart.o
    0x08004a3e   0x08004a3e   0x00000002   PAD
    0x08004a40   0x08004a40   0x000001a0   Code   RO         1680    i.UART_SetConfig    stm32f1xx_hal_uart.o
    0x08004be0   0x08004be0   0x00000068   Code   RO         1681    i.UART_Transmit_IT  stm32f1xx_hal_uart.o
    0x08004c48   0x08004c48   0x000000b4   Code   RO         3675    i.USART1_IRQHandler  usart.o
    0x08004cfc   0x08004cfc   0x0000012c   Code   RO         3676    i.USART2_IRQHandler  usart.o
    0x08004e28   0x08004e28   0x0000002c   Code   RO         3677    i.Uart2_SendDATA    usart.o
    0x08004e54   0x08004e54   0x00000004   Code   RO          281    i.UsageFault_Handler  stm32f1xx_it.o
    0x08004e58   0x08004e58   0x00000020   Code   RO         4352    i.__0printf         mc_w.l(printfa.o)
    0x08004e78   0x08004e78   0x00000028   Code   RO         4354    i.__0sprintf        mc_w.l(printfa.o)
    0x08004ea0   0x08004ea0   0x00000028   Code   RO         4454    i.__ARM_fpclassify  m_ws.l(fpclassify.o)
    0x08004ec8   0x08004ec8   0x00000010   Code   RO         1056    i.__NVIC_GetPriorityGrouping  stm32f1xx_hal_cortex.o
    0x08004ed8   0x08004ed8   0x00000028   Code   RO         1057    i.__NVIC_SetPriority  stm32f1xx_hal_cortex.o
    0x08004f00   0x08004f00   0x000000aa   Code   RO         4456    i.__kernel_poly     m_ws.l(poly.o)
    0x08004faa   0x08004faa   0x00000002   PAD
    0x08004fac   0x08004fac   0x00000010   Code   RO         4440    i.__mathlib_dbl_divzero  m_ws.l(dunder.o)
    0x08004fbc   0x08004fbc   0x00000004   Code   RO         4442    i.__mathlib_dbl_infnan2  m_ws.l(dunder.o)
    0x08004fc0   0x08004fc0   0x0000000c   Code   RO         4443    i.__mathlib_dbl_invalid  m_ws.l(dunder.o)
    0x08004fcc   0x08004fcc   0x0000000e   Code   RO         4444    i.__mathlib_dbl_overflow  m_ws.l(dunder.o)
    0x08004fda   0x08004fda   0x00000002   PAD
    0x08004fdc   0x08004fdc   0x00000010   Code   RO         4446    i.__mathlib_dbl_underflow  m_ws.l(dunder.o)
    0x08004fec   0x08004fec   0x0000000e   Code   RO         4515    i.__scatterload_copy  mc_w.l(handlers.o)
    0x08004ffa   0x08004ffa   0x00000002   Code   RO         4516    i.__scatterload_null  mc_w.l(handlers.o)
    0x08004ffc   0x08004ffc   0x0000000e   Code   RO         4517    i.__scatterload_zeroinit  mc_w.l(handlers.o)
    0x0800500a   0x0800500a   0x00000002   PAD
    0x0800500c   0x0800500c   0x0000000c   Code   RO         4495    i.__set_errno       mc_w.l(errno.o)
    0x08005018   0x08005018   0x00000184   Code   RO         4359    i._fp_digits        mc_w.l(printfa.o)
    0x0800519c   0x0800519c   0x000006dc   Code   RO         4360    i._printf_core      mc_w.l(printfa.o)
    0x08005878   0x08005878   0x00000024   Code   RO         4361    i._printf_post_padding  mc_w.l(printfa.o)
    0x0800589c   0x0800589c   0x0000002e   Code   RO         4362    i._printf_pre_padding  mc_w.l(printfa.o)
    0x080058ca   0x080058ca   0x0000000a   Code   RO         4364    i._sputc            mc_w.l(printfa.o)
    0x080058d4   0x080058d4   0x00000058   Code   RO          515    i.cJSON_Delete      cjson.o
    0x0800592c   0x0800592c   0x0000001e   Code   RO          524    i.cJSON_GetObjectItem  cjson.o
    0x0800594a   0x0800594a   0x00000002   PAD
    0x0800594c   0x0800594c   0x00000020   Code   RO          528    i.cJSON_New_Item    cjson.o
    0x0800596c   0x0800596c   0x00000010   Code   RO          529    i.cJSON_Parse       cjson.o
    0x0800597c   0x0800597c   0x00000064   Code   RO          530    i.cJSON_ParseWithOpts  cjson.o
    0x080059e0   0x080059e0   0x0000004c   Code   RO          536    i.cJSON_strcasecmp  cjson.o
    0x08005a2c   0x08005a2c   0x00000014   Code   RO         3590    i.delay_init        delay.o
    0x08005a40   0x08005a40   0x00000018   Code   RO         3591    i.delay_ms          delay.o
    0x08005a58   0x08005a58   0x00000048   Code   RO         3592    i.delay_us          delay.o
    0x08005aa0   0x08005aa0   0x0000001c   Code   RO         3679    i.fputc             usart.o
    0x08005abc   0x08005abc   0x00000050   Code   RO         4380    i.free              mc_w.l(malloc.o)
    0x08005b0c   0x08005b0c   0x000000b8   Code   RO            8    i.main              main.o
    0x08005bc4   0x08005bc4   0x0000006c   Code   RO         4381    i.malloc            mc_w.l(malloc.o)
    0x08005c30   0x08005c30   0x000000ac   Code   RO          540    i.parse_array       cjson.o
    0x08005cdc   0x08005cdc   0x00000114   Code   RO          541    i.parse_hex4        cjson.o
    0x08005df0   0x08005df0   0x000001bc   Code   RO          542    i.parse_number      cjson.o
    0x08005fac   0x08005fac   0x00000114   Code   RO          543    i.parse_object      cjson.o
    0x080060c0   0x080060c0   0x000001cc   Code   RO          544    i.parse_string      cjson.o
    0x0800628c   0x0800628c   0x000000bc   Code   RO          545    i.parse_value       cjson.o
    0x08006348   0x08006348   0x000009d8   Code   RO         4089    i.pow               m_ws.l(pow.o)
    0x08006d20   0x08006d20   0x00000012   Code   RO          553    i.skip              cjson.o
    0x08006d32   0x08006d32   0x0000004c   Code   RO         4460    i.sqrt              m_ws.l(sqrt.o)
    0x08006d7e   0x08006d7e   0x00000002   PAD
    0x08006d80   0x08006d80   0x00000038   Code   RO         3680    i.uart2_init        usart.o
    0x08006db8   0x08006db8   0x00000038   Code   RO         3681    i.uart_init         usart.o
    0x08006df0   0x08006df0   0x00000018   Data   RO          354    .constdata          system_stm32f1xx.o
    0x08006e08   0x08006e08   0x00000007   Data   RO          556    .constdata          cjson.o
    0x08006e0f   0x08006e0f   0x00000001   PAD
    0x08006e10   0x08006e10   0x00000088   Data   RO         4090    .constdata          m_ws.l(pow.o)
    0x08006e98   0x08006e98   0x00000008   Data   RO         4458    .constdata          m_ws.l(qnan.o)
    0x08006ea0   0x08006ea0   0x00000196   Data   RO         3798    .conststring        ec200s.o
    0x08007036   0x08007036   0x00000002   PAD
    0x08007038   0x08007038   0x00000020   Data   RO         4513    Region$$Table       anon$$obj.o


    Execution Region RW_IRAM1 (Exec base: 0x20000000, Load base: 0x08007058, Size: 0x00000cf8, Max: 0x0000c000, ABSOLUTE)

    Exec Addr    Load Addr    Size         Type   Attr      Idx    E Section Name        Object

    0x20000000   0x08007058   0x00000014   Data   RW           10    .data               main.o
    0x20000014   0x0800706c   0x00000004   Data   RW          355    .data               system_stm32f1xx.o
    0x20000018   0x08007070   0x0000000c   Data   RW          557    .data               cjson.o
    0x20000024   0x0800707c   0x00000009   Data   RW          892    .data               stm32f1xx_hal.o
    0x2000002d   0x08007085   0x00000003   PAD
    0x20000030   0x08007088   0x00000004   Data   RW         3593    .data               delay.o
    0x20000034   0x0800708c   0x0000000b   Data   RW         3683    .data               usart.o
    0x2000003f   0x08007097   0x00000001   PAD
    0x20000040   0x08007098   0x00000008   Data   RW         3799    .data               ec200s.o
    0x20000048   0x080070a0   0x00000013   Data   RW         3954    .data               bl0910.o
    0x2000005b   0x080070b3   0x00000001   PAD
    0x2000005c   0x080070b4   0x00000004   Data   RW         4039    .data               timer.o
    0x20000060   0x080070b8   0x00000004   Data   RW         4491    .data               mc_w.l(mvars.o)
    0x20000064   0x080070bc   0x00000004   Data   RW         4492    .data               mc_w.l(mvars.o)
    0x20000068   0x080070c0   0x00000004   Data   RW         4496    .data               mc_w.l(errno.o)
    0x2000006c   0x080070c4   0x00000004   PAD
    0x20000070        -       0x00000110   Zero   RW            9    .bss                main.o
    0x20000180        -       0x0000030a   Zero   RW         3682    .bss                usart.o
    0x2000048a   0x080070c4   0x00000002   PAD
    0x2000048c        -       0x00000168   Zero   RW         3797    .bss                ec200s.o
    0x200005f4        -       0x0000000c   Zero   RW         3911    .bss                wdg.o
    0x20000600        -       0x000000b4   Zero   RW         3953    .bss                bl0910.o
    0x200006b4        -       0x00000040   Zero   RW         4038    .bss                timer.o
    0x200006f4   0x080070c4   0x00000004   PAD
    0x200006f8        -       0x00000200   Zero   RW          858    HEAP                startup_stm32f103xe.o
    0x200008f8        -       0x00000400   Zero   RW          857    STACK               startup_stm32f103xe.o


==============================================================================

Image component sizes


      Code (inc. data)   RO Data    RW Data    ZI Data      Debug   Object Name

       854         76          0         19        180      12398   bl0910.o
      2176         82          7         12          0      12565   cjson.o
       116          8          0          4          0       1911   delay.o
      3940        774        406          8        360      12135   ec200s.o
       260         24          0          0          0       1556   led.o
      3096        562          0         20        272     502229   main.o
        36          8        304          0       1536        792   startup_stm32f103xe.o
       192         36          0          9          0       6613   stm32f1xx_hal.o
       344         22          0          0          0      29957   stm32f1xx_hal_cortex.o
       424         10          0          0          0       1259   stm32f1xx_hal_dma.o
       844         40          0          0          0       2736   stm32f1xx_hal_gpio.o
        94          0          0          0          0       1743   stm32f1xx_hal_iwdg.o
         2          0          0          0          0        426   stm32f1xx_hal_msp.o
      1784        110          0          0          0       6140   stm32f1xx_hal_rcc.o
      2300          0          0          0          0       8440   stm32f1xx_hal_spi.o
       664         22          0          0          0       5623   stm32f1xx_hal_tim.o
         4          0          0          0          0       1561   stm32f1xx_hal_tim_ex.o
      1334         10          0          0          0       8409   stm32f1xx_hal_uart.o
        32          0          0          0          0       3854   stm32f1xx_it.o
        86          0          0          0          0        707   sys.o
        88         18         24          4          0       1119   system_stm32f1xx.o
       176         38          0          4         64       2797   timer.o
       980        114          0         11        778       6855   usart.o
        48         14          0          0         12       1263   wdg.o

    ----------------------------------------------------------------------
     19894       1968        776         96       3208     633088   Object Totals
         0          0         32          0          0          0   (incl. Generated)
        20          0          3          5          6          0   (incl. Padding)

    ----------------------------------------------------------------------

      Code (inc. data)   RO Data    RW Data    ZI Data      Debug   Library Member Name

        62         10          0          0          0        340   dunder.o
        40          0          0          0          0         68   fpclassify.o
       170          0          0          0          0         96   poly.o
      2520        190        136          0          0        324   pow.o
         0          0          8          0          0          0   qnan.o
        76          0          0          0          0         84   sqrt.o
         0          0          0          0          0          0   entry.o
         0          0          0          0          0          0   entry10a.o
         0          0          0          0          0          0   entry11a.o
         8          4          0          0          0          0   entry2.o
         4          0          0          0          0          0   entry5.o
         0          0          0          0          0          0   entry7b.o
         0          0          0          0          0          0   entry8b.o
         8          4          0          0          0          0   entry9a.o
        12          6          0          4          0         68   errno.o
        30          0          0          0          0          0   handlers.o
        36          8          0          0          0         68   init.o
         0          0          0          0          0          0   iusefp.o
        30          0          0          0          0         68   llshl.o
        36          0          0          0          0         68   llsshr.o
        32          0          0          0          0         68   llushr.o
       188         20          0          0          0        160   malloc.o
        36          0          0          0          0         68   memcpya.o
        36          0          0          0          0        108   memseta.o
         0          0          0          8          0          0   mvars.o
      2308         96          0          0          0        604   printfa.o
        14          0          0          0          0         68   strlen.o
        30          0          0          0          0         80   strncmp.o
        36          0          0          0          0         80   strstr.o
        12          0          0          0          0         68   tolower.o
        44          0          0          0          0         80   uidiv.o
        98          0          0          0          0         92   uldiv.o
        48          0          0          0          0         68   cdrcmple.o
        56          0          0          0          0         88   d2f.o
       334          0          0          0          0        148   dadd.o
       222          0          0          0          0        100   ddiv.o
       186          0          0          0          0        176   depilogue.o
        62          0          0          0          0         80   dfixi.o
        48          0          0          0          0         68   dfixul.o
        34          0          0          0          0         76   dflti.o
        26          0          0          0          0         76   dfltui.o
       228          0          0          0          0         96   dmul.o
        46          0          0          0          0         80   dscalb.o
       162          0          0          0          0        100   dsqrt.o
        38          0          0          0          0         68   f2d.o
       176          0          0          0          0        140   fadd.o
       124          0          0          0          0         88   fdiv.o
       110          0          0          0          0        168   fepilogue.o
        40          0          0          0          0         68   ffixui.o
        18          0          0          0          0         68   fflti.o
        10          0          0          0          0         68   ffltui.o
       100          0          0          0          0         76   fmul.o

    ----------------------------------------------------------------------
      7946        338        144         12          4       4560   Library Totals
        12          0          0          0          4          0   (incl. Padding)

    ----------------------------------------------------------------------

      Code (inc. data)   RO Data    RW Data    ZI Data      Debug   Library Name

      2868        200        144          0          0        912   m_ws.l
      2998        138          0         12          0       1748   mc_w.l
      2068          0          0          0          0       1900   mf_w.l

    ----------------------------------------------------------------------
      7946        338        144         12          4       4560   Library Totals

    ----------------------------------------------------------------------

==============================================================================


      Code (inc. data)   RO Data    RW Data    ZI Data      Debug   

     27840       2306        920        108       3212     629168   Grand Totals
     27840       2306        920        108       3212     629168   ELF Image Totals
     27840       2306        920        108          0          0   ROM Totals

==============================================================================

    Total RO  Size (Code + RO Data)                28760 (  28.09kB)
    Total RW  Size (RW Data + ZI Data)              3320 (   3.24kB)
    Total ROM Size (Code + RO Data + RW Data)      28868 (  28.19kB)

==============================================================================

